<html>
<body>
<pre>
<h1>µVision Build Log</h1>
<h2>Tool Versions:</h2>
IDE-Version: ¦ÌVision V5.42.0.0
Copyright (C) 2025 ARM Ltd and ARM Germany GmbH. All rights reserved.
License Information: qq Kenny, aa, LIC=585FJ-UPE6M-GK7BG-VLR9B-RN709-7MAGE
 
Tool Versions:
Toolchain:       MDK-ARM Plus  Version: 5.42.0.0
Toolchain Path:  D:\Keil_v5\ARM\ARMCC\Bin
C Compiler:      Armcc.exe V5.06 update 6 (build 750)
Assembler:       Armasm.exe V5.06 update 6 (build 750)
Linker/Locator:  ArmLink.exe V5.06 update 6 (build 750)
Library Manager: ArmAr.exe V5.06 update 6 (build 750)
Hex Converter:   FromElf.exe V5.06 update 6 (build 750)
CPU DLL:         SARMCM3.DLL V5.42.0.0
Dialog DLL:      DCM.DLL V1.17.5.0
Target DLL:      CMSIS_AGDI.dll V1.33.22.0
Dialog DLL:      TCM.DLL V1.56.6.0
 
<h2>Project:</h2>
E:\STM32F103C8Tx_File\LED_Effection_Proj\Project.uvprojx
Project File Date:  01/22/2026

<h2>Output:</h2>
*** Using Compiler 'V5.06 update 6 (build 750)', folder: 'D:\Keil_v5\ARM\ARMCC\Bin'
Rebuild target 'Target_1'
compiling misc.c...
compiling led_drv.c...
compiling uart_drv.c...
compiling timer_drv.c...
compiling stm32f10x_dma.c...
compiling app_led.c...
compiling stm32f10x_gpio.c...
compiling systick.c...
compiling ws2812b_drv.c...
compiling main.c...
compiling stm32f10x_rcc.c...
compiling dma.c...
compiling pwm.c...
assembling startup_stm32f10x_md.s...
compiling stm32f10x_rtc.c...
compiling stm32f10x_usart.c...
compiling core_cm3.c...
compiling stm32f10x_tim.c...
compiling system_stm32f10x.c...
compiling stm32f10x_it.c...
linking...
Program Size: Code=8968 RO-data=400 RW-data=228 ZI-data=4148  
".\Objects\Project.axf" - 0 Error(s), 0 Warning(s).

<h2>Software Packages used:</h2>

Package Vendor: Keil
                http://www.keil.com/pack/Keil.STM32F1xx_DFP.2.1.0.pack
                Keil::STM32F1xx_DFP@2.1.0
                STMicroelectronics STM32F1 Series Device Support, Drivers and Examples

<h2>Collection of Component include folders:</h2>
  D:/Keil_v5/Packs/Keil/STM32F1xx_DFP/2.1.0/Device/Include

<h2>Collection of Component Files used:</h2>
Build Time Elapsed:  00:00:01
</pre>
</body>
</html>
