Component: ARM Compiler 5.06 update 6 (build 750) Tool: armlink [4d35ed]

==============================================================================

Section Cross References

    main.o(i.App_Init) refers to app_led.o(i.App_Ws2812b_Close) for App_Ws2812b_Close
    main.o(i.Driver_Init) refers to uart_drv.o(i.uart_drv_init) for uart_drv_init
    main.o(i.Driver_Init) refers to systick.o(i.Systick_Init) for Systick_Init
    main.o(i.Driver_Init) refers to timer_drv.o(i.Timer_Drv_Init) for Timer_Drv_Init
    main.o(i.Driver_Init) refers to led_drv.o(i.Led_Drv_Init) for Led_Drv_Init
    main.o(i.Driver_Init) refers to pwm.o(i.Rgb_Pwm_Init) for Rgb_Pwm_Init
    main.o(i.Driver_Init) refers to ws2812b_drv.o(i.Ws2812b_Init) for Ws2812b_Init
    main.o(i.Driver_Init) refers to printf8.o(i.__0printf$8) for __2printf
    main.o(i.Driver_Init) refers to main.o(.constdata) for __func__
    main.o(i.Init_Before_Driver) refers to systick.o(i.Task_Schedule_Callback) for Task_Schedule_Callback
    main.o(i.Init_Before_Driver) refers to main.o(i.Task_Flag_Update) for Task_Flag_Update
    main.o(i.Task_Flag_Update) refers to main.o(.data) for task_list
    main.o(i.Task_Schedule_Handler) refers to main.o(.data) for task_list
    main.o(i.main) refers to main.o(i.Init_Before_Driver) for Init_Before_Driver
    main.o(i.main) refers to main.o(i.Driver_Init) for Driver_Init
    main.o(i.main) refers to main.o(i.App_Init) for App_Init
    main.o(i.main) refers to main.o(i.Task_Schedule_Handler) for Task_Schedule_Handler
    main.o(.data) refers to app_led.o(i.Bsp_Led_Timer_Handler) for Bsp_Led_Timer_Handler
    main.o(.data) refers to app_led.o(i.Duty_Cycle_Set) for Duty_Cycle_Set
    main.o(.data) refers to app_led.o(i.App_Ws2812b_Pattern7) for App_Ws2812b_Pattern7
    main.o(.data) refers to app_led.o(i.App_Brightness_Timer_handler) for App_Brightness_Timer_handler
    app_led.o(i.App_Brightness_Timer_handler) refers to app_led.o(.data) for color_mode
    app_led.o(i.App_Ws2812b_Close) refers to ws2812b_drv.o(i.Ws2812b_ClearBuf) for Ws2812b_ClearBuf
    app_led.o(i.App_Ws2812b_Close) refers to ws2812b_drv.o(i.Ws2812b_UpdateBuf) for Ws2812b_UpdateBuf
    app_led.o(i.App_Ws2812b_Color_Set) refers to ws2812b_drv.o(i.Ws2812b_SetBuf) for Ws2812b_SetBuf
    app_led.o(i.App_Ws2812b_Color_Set) refers to ws2812b_drv.o(i.Ws2812b_UpdateBuf) for Ws2812b_UpdateBuf
    app_led.o(i.App_Ws2812b_Mode0) refers to ws2812b_drv.o(i.Ws2812b_SetBuf) for Ws2812b_SetBuf
    app_led.o(i.App_Ws2812b_Mode0) refers to ws2812b_drv.o(i.Ws2812b_UpdateBuf) for Ws2812b_UpdateBuf
    app_led.o(i.App_Ws2812b_Pattern0) refers to app_led.o(i.App_Ws2812b_Color_Set) for App_Ws2812b_Color_Set
    app_led.o(i.App_Ws2812b_Pattern0) refers to app_led.o(.data) for color_mode
    app_led.o(i.App_Ws2812b_Pattern1) refers to rand.o(.text) for rand
    app_led.o(i.App_Ws2812b_Pattern1) refers to app_led.o(i.App_Ws2812b_Color_Set) for App_Ws2812b_Color_Set
    app_led.o(i.App_Ws2812b_Pattern1) refers to app_led.o(.data) for current_color_mode
    app_led.o(i.App_Ws2812b_Pattern2) refers to rand.o(.text) for rand
    app_led.o(i.App_Ws2812b_Pattern2) refers to systick.o(i.Sys_RunTime_Get) for Sys_RunTime_Get
    app_led.o(i.App_Ws2812b_Pattern2) refers to uldiv.o(.text) for __aeabi_uldivmod
    app_led.o(i.App_Ws2812b_Pattern2) refers to ws2812b_drv.o(i.Ws2812b_SetBuf) for Ws2812b_SetBuf
    app_led.o(i.App_Ws2812b_Pattern2) refers to ws2812b_drv.o(i.Ws2812b_UpdateBuf) for Ws2812b_UpdateBuf
    app_led.o(i.App_Ws2812b_Pattern2) refers to app_led.o(.data) for base_color
    app_led.o(i.App_Ws2812b_Pattern3) refers to rand.o(.text) for rand
    app_led.o(i.App_Ws2812b_Pattern3) refers to ws2812b_drv.o(i.Ws2812b_SetLed) for Ws2812b_SetLed
    app_led.o(i.App_Ws2812b_Pattern3) refers to ws2812b_drv.o(i.Ws2812b_UpdateBuf) for Ws2812b_UpdateBuf
    app_led.o(i.App_Ws2812b_Pattern3) refers to app_led.o(.data) for color_index
    app_led.o(i.App_Ws2812b_Pattern4) refers to ws2812b_drv.o(i.Ws2812b_SetRandomBuf) for Ws2812b_SetRandomBuf
    app_led.o(i.App_Ws2812b_Pattern4) refers to ws2812b_drv.o(i.Ws2812b_UpdateBuf) for Ws2812b_UpdateBuf
    app_led.o(i.App_Ws2812b_Pattern5) refers to ws2812b_drv.o(i.Ws2812b_BackwardWave) for Ws2812b_BackwardWave
    app_led.o(i.App_Ws2812b_Pattern5) refers to ws2812b_drv.o(i.Ws2812b_UpdateBuf) for Ws2812b_UpdateBuf
    app_led.o(i.App_Ws2812b_Pattern6) refers to ws2812b_drv.o(i.Ws2812b_Snake) for Ws2812b_Snake
    app_led.o(i.App_Ws2812b_Pattern6) refers to ws2812b_drv.o(i.Ws2812b_UpdateBuf) for Ws2812b_UpdateBuf
    app_led.o(i.App_Ws2812b_Pattern7) refers to ws2812b_drv.o(i.Ws2812b_MeteorTrail) for Ws2812b_MeteorTrail
    app_led.o(i.App_Ws2812b_Pattern7) refers to ws2812b_drv.o(i.Ws2812b_UpdateBuf) for Ws2812b_UpdateBuf
    app_led.o(i.Bsp_Led_Timer_Handler) refers to led_drv.o(i.Bsp_Led_On) for Bsp_Led_On
    app_led.o(i.Bsp_Led_Timer_Handler) refers to led_drv.o(i.Bsp_Led_Off) for Bsp_Led_Off
[...]
    printf3.o(i.__0snprintf$3) refers to printf3.o(i._snputc) for _snputc
    printf3.o(i.__0sprintf$3) refers to printf3.o(i._printf_core) for _printf_core
    printf3.o(i.__0sprintf$3) refers to printf3.o(i._sputc) for _sputc
    printf3.o(i.__0vfprintf$3) refers to printf3.o(i._printf_core) for _printf_core
    printf3.o(i.__0vfprintf$3) refers to uart_drv.o(i.fputc) for fputc
    printf3.o(i.__0vprintf$3) refers to printf3.o(i._printf_core) for _printf_core
    printf3.o(i.__0vprintf$3) refers to uart_drv.o(i.fputc) for fputc
    printf3.o(i.__0vprintf$3) refers to stdout.o(.data) for __stdout
    printf3.o(i.__0vsnprintf$3) refers to printf3.o(i._printf_core) for _printf_core
    printf3.o(i.__0vsnprintf$3) refers to printf3.o(i._snputc) for _snputc
    printf3.o(i.__0vsprintf$3) refers to printf3.o(i._printf_core) for _printf_core
    printf3.o(i.__0vsprintf$3) refers to printf3.o(i._sputc) for _sputc
    printf3.o(i._printf_core) refers to uidiv.o(.text) for __aeabi_uidivmod
    printf4.o(i.__0fprintf$4) refers to printf4.o(i._printf_core) for _printf_core
    printf4.o(i.__0fprintf$4) refers to uart_drv.o(i.fputc) for fputc
    printf4.o(i.__0printf$4) refers to printf4.o(i._printf_core) for _printf_core
    printf4.o(i.__0printf$4) refers to uart_drv.o(i.fputc) for fputc
    printf4.o(i.__0printf$4) refers to stdout.o(.data) for __stdout
    printf4.o(i.__0snprintf$4) refers to printf4.o(i._printf_core) for _printf_core
    printf4.o(i.__0snprintf$4) refers to printf4.o(i._snputc) for _snputc
    printf4.o(i.__0sprintf$4) refers to printf4.o(i._printf_core) for _printf_core
    printf4.o(i.__0sprintf$4) refers to printf4.o(i._sputc) for _sputc
    printf4.o(i.__0vfprintf$4) refers to printf4.o(i._printf_core) for _printf_core
    printf4.o(i.__0vfprintf$4) refers to uart_drv.o(i.fputc) for fputc
    printf4.o(i.__0vprintf$4) refers to printf4.o(i._printf_core) for _printf_core
    printf4.o(i.__0vprintf$4) refers to uart_drv.o(i.fputc) for fputc
    printf4.o(i.__0vprintf$4) refers to stdout.o(.data) for __stdout
    printf4.o(i.__0vsnprintf$4) refers to printf4.o(i._printf_core) for _printf_core
    printf4.o(i.__0vsnprintf$4) refers to printf4.o(i._snputc) for _snputc
    printf4.o(i.__0vsprintf$4) refers to printf4.o(i._printf_core) for _printf_core
    printf4.o(i.__0vsprintf$4) refers to printf4.o(i._sputc) for _sputc
    printf4.o(i._printf_core) refers to uldiv.o(.text) for __aeabi_uldivmod
    printf5.o(i.__0fprintf$5) refers to printf5.o(i._printf_core) for _printf_core
    printf5.o(i.__0fprintf$5) refers to uart_drv.o(i.fputc) for fputc
    printf5.o(i.__0printf$5) refers to printf5.o(i._printf_core) for _printf_core
    printf5.o(i.__0printf$5) refers to uart_drv.o(i.fputc) for fputc
    printf5.o(i.__0printf$5) refers to stdout.o(.data) for __stdout
    printf5.o(i.__0snprintf$5) refers to printf5.o(i._printf_core) for _printf_core
    printf5.o(i.__0snprintf$5) refers to printf5.o(i._snputc) for _snputc
    printf5.o(i.__0sprintf$5) refers to printf5.o(i._printf_core) for _printf_core
    printf5.o(i.__0sprintf$5) refers to printf5.o(i._sputc) for _sputc
    printf5.o(i.__0vfprintf$5) refers to printf5.o(i._printf_core) for _printf_core
    printf5.o(i.__0vfprintf$5) refers to uart_drv.o(i.fputc) for fputc
    printf5.o(i.__0vprintf$5) refers to printf5.o(i._printf_core) for _printf_core
    printf5.o(i.__0vprintf$5) refers to uart_drv.o(i.fputc) for fputc
    printf5.o(i.__0vprintf$5) refers to stdout.o(.data) for __stdout
    printf5.o(i.__0vsnprintf$5) refers to printf5.o(i._printf_core) for _printf_core
    printf5.o(i.__0vsnprintf$5) refers to printf5.o(i._snputc) for _snputc
    printf5.o(i.__0vsprintf$5) refers to printf5.o(i._printf_core) for _printf_core
    printf5.o(i.__0vsprintf$5) refers to printf5.o(i._sputc) for _sputc
    printf5.o(i._printf_core) refers to uldiv.o(.text) for __aeabi_uldivmod
    printf6.o(i.__0fprintf$6) refers to printf6.o(i._printf_core) for _printf_core
    printf6.o(i.__0fprintf$6) refers to uart_drv.o(i.fputc) for fputc
    printf6.o(i.__0printf$6) refers to printf6.o(i._printf_core) for _printf_core
    printf6.o(i.__0printf$6) refers to uart_drv.o(i.fputc) for fputc
    printf6.o(i.__0printf$6) refers to stdout.o(.data) for __stdout
    printf6.o(i.__0snprintf$6) refers to printf6.o(i._printf_core) for _printf_core
    printf6.o(i.__0snprintf$6) refers to printf6.o(i._snputc) for _snputc
    printf6.o(i.__0sprintf$6) refers to printf6.o(i._printf_core) for _printf_core
    printf6.o(i.__0sprintf$6) refers to printf6.o(i._sputc) for _sputc
    printf6.o(i.__0vfprintf$6) refers to printf6.o(i._printf_core) for _printf_core
    printf6.o(i.__0vfprintf$6) refers to uart_drv.o(i.fputc) for fputc
    printf6.o(i.__0vprintf$6) refers to printf6.o(i._printf_core) for _printf_core
    printf6.o(i.__0vprintf$6) refers to uart_drv.o(i.fputc) for fputc
    printf6.o(i.__0vprintf$6) refers to stdout.o(.data) for __stdout
    printf6.o(i.__0vsnprintf$6) refers to printf6.o(i._printf_core) for _printf_core
    printf6.o(i.__0vsnprintf$6) refers to printf6.o(i._snputc) for _snputc
    printf6.o(i.__0vsprintf$6) refers to printf6.o(i._printf_core) for _printf_core
    printf6.o(i.__0vsprintf$6) refers to printf6.o(i._sputc) for _sputc
    printf6.o(i._printf_core) refers to printf6.o(i._printf_pre_padding) for _printf_pre_padding
    printf6.o(i._printf_core) refers to uidiv.o(.text) for __aeabi_uidivmod
    printf6.o(i._printf_core) refers to printf6.o(i._printf_post_padding) for _printf_post_padding
    printf7.o(i.__0fprintf$7) refers to printf7.o(i._printf_core) for _printf_core
    printf7.o(i.__0fprintf$7) refers to uart_drv.o(i.fputc) for fputc
    printf7.o(i.__0printf$7) refers to printf7.o(i._printf_core) for _printf_core
    printf7.o(i.__0printf$7) refers to uart_drv.o(i.fputc) for fputc
    printf7.o(i.__0printf$7) refers to stdout.o(.data) for __stdout
    printf7.o(i.__0snprintf$7) refers to printf7.o(i._printf_core) for _printf_core
    printf7.o(i.__0snprintf$7) refers to printf7.o(i._snputc) for _snputc
    printf7.o(i.__0sprintf$7) refers to printf7.o(i._printf_core) for _printf_core
    printf7.o(i.__0sprintf$7) refers to printf7.o(i._sputc) for _sputc
    printf7.o(i.__0vfprintf$7) refers to printf7.o(i._printf_core) for _printf_core
    printf7.o(i.__0vfprintf$7) refers to uart_drv.o(i.fputc) for fputc
    printf7.o(i.__0vprintf$7) refers to printf7.o(i._printf_core) for _printf_core
    printf7.o(i.__0vprintf$7) refers to uart_drv.o(i.fputc) for fputc
    printf7.o(i.__0vprintf$7) refers to stdout.o(.data) for __stdout
    printf7.o(i.__0vsnprintf$7) refers to printf7.o(i._printf_core) for _printf_core
    printf7.o(i.__0vsnprintf$7) refers to printf7.o(i._snputc) for _snputc
    printf7.o(i.__0vsprintf$7) refers to printf7.o(i._printf_core) for _printf_core
    printf7.o(i.__0vsprintf$7) refers to printf7.o(i._sputc) for _sputc
    printf7.o(i._printf_core) refers to printf7.o(i._printf_pre_padding) for _printf_pre_padding
    printf7.o(i._printf_core) refers to uldiv.o(.text) for __aeabi_uldivmod
    printf7.o(i._printf_core) refers to printf7.o(i._printf_post_padding) for _printf_post_padding
    printf8.o(i.__0fprintf$8) refers to printf8.o(i._printf_core) for _printf_core
    printf8.o(i.__0fprintf$8) refers to uart_drv.o(i.fputc) for fputc
    printf8.o(i.__0printf$8) refers to printf8.o(i._printf_core) for _printf_core
    printf8.o(i.__0printf$8) refers to uart_drv.o(i.fputc) for fputc
    printf8.o(i.__0printf$8) refers to stdout.o(.data) for __stdout
    printf8.o(i.__0snprintf$8) refers to printf8.o(i._printf_core) for _printf_core
    printf8.o(i.__0snprintf$8) refers to printf8.o(i._snputc) for _snputc
    printf8.o(i.__0sprintf$8) refers to printf8.o(i._printf_core) for _printf_core
    printf8.o(i.__0sprintf$8) refers to printf8.o(i._sputc) for _sputc
    printf8.o(i.__0vfprintf$8) refers to printf8.o(i._printf_core) for _printf_core
    printf8.o(i.__0vfprintf$8) refers to uart_drv.o(i.fputc) for fputc
    printf8.o(i.__0vprintf$8) refers to printf8.o(i._printf_core) for _printf_core
    printf8.o(i.__0vprintf$8) refers to uart_drv.o(i.fputc) for fputc
    printf8.o(i.__0vprintf$8) refers to stdout.o(.data) for __stdout
    printf8.o(i.__0vsnprintf$8) refers to printf8.o(i._printf_core) for _printf_core
    printf8.o(i.__0vsnprintf$8) refers to printf8.o(i._snputc) for _snputc
    printf8.o(i.__0vsprintf$8) refers to printf8.o(i._printf_core) for _printf_core
    printf8.o(i.__0vsprintf$8) refers to printf8.o(i._sputc) for _sputc
    printf8.o(i._printf_core) refers to printf8.o(i._printf_pre_padding) for _printf_pre_padding
    printf8.o(i._printf_core) refers to uldiv.o(.text) for __aeabi_uldivmod
    printf8.o(i._printf_core) refers to printf8.o(i._printf_post_padding) for _printf_post_padding
    printfa.o(i.__0fprintf) refers (Special) to iusefp.o(.text) for __I$use$fp
    printfa.o(i.__0fprintf) refers to printfa.o(i._printf_core) for _printf_core
    printfa.o(i.__0fprintf) refers to uart_drv.o(i.fputc) for fputc
    printfa.o(i.__0printf) refers (Special) to iusefp.o(.text) for __I$use$fp
    printfa.o(i.__0printf) refers to printfa.o(i._printf_core) for _printf_core
    printfa.o(i.__0printf) refers to uart_drv.o(i.fputc) for fputc
    printfa.o(i.__0printf) refers to stdout.o(.data) for __stdout
    printfa.o(i.__0snprintf) refers (Special) to iusefp.o(.text) for __I$use$fp
    printfa.o(i.__0snprintf) refers to printfa.o(i._printf_core) for _printf_core
    printfa.o(i.__0snprintf) refers to printfa.o(i._snputc) for _snputc
    printfa.o(i.__0sprintf) refers (Special) to iusefp.o(.text) for __I$use$fp
    printfa.o(i.__0sprintf) refers to printfa.o(i._printf_core) for _printf_core
    printfa.o(i.__0sprintf) refers to printfa.o(i._sputc) for _sputc
    printfa.o(i.__0vfprintf) refers (Special) to iusefp.o(.text) for __I$use$fp
    printfa.o(i.__0vfprintf) refers to printfa.o(i._printf_core) for _printf_core
    printfa.o(i.__0vfprintf) refers to uart_drv.o(i.fputc) for fputc
    printfa.o(i.__0vprintf) refers (Special) to iusefp.o(.text) for __I$use$fp
    printfa.o(i.__0vprintf) refers to printfa.o(i._printf_core) for _printf_core
    printfa.o(i.__0vprintf) refers to uart_drv.o(i.fputc) for fputc
    printfa.o(i.__0vprintf) refers to stdout.o(.data) for __stdout
    printfa.o(i.__0vsnprintf) refers (Special) to iusefp.o(.text) for __I$use$fp
    printfa.o(i.__0vsnprintf) refers to printfa.o(i._printf_core) for _printf_core
    printfa.o(i.__0vsnprintf) refers to printfa.o(i._snputc) for _snputc
    printfa.o(i.__0vsprintf) refers (Special) to iusefp.o(.text) for __I$use$fp
    printfa.o(i.__0vsprintf) refers to printfa.o(i._printf_core) for _printf_core
    printfa.o(i.__0vsprintf) refers to printfa.o(i._sputc) for _sputc
    printfa.o(i._fp_digits) refers (Special) to iusefp.o(.text) for __I$use$fp
    printfa.o(i._fp_digits) refers to dmul.o(.text) for __aeabi_dmul
    printfa.o(i._fp_digits) refers to ddiv.o(.text) for __aeabi_ddiv
    printfa.o(i._fp_digits) refers to cdrcmple.o(.text) for __aeabi_cdrcmple
    printfa.o(i._fp_digits) refers to dadd.o(.text) for __aeabi_dadd
    printfa.o(i._fp_digits) refers to dfixul.o(.text) for __aeabi_d2ulz
    printfa.o(i._fp_digits) refers to uldiv.o(.text) for __aeabi_uldivmod
    printfa.o(i._printf_core) refers (Special) to iusefp.o(.text) for __I$use$fp
    printfa.o(i._printf_core) refers to printfa.o(i._printf_pre_padding) for _printf_pre_padding
    printfa.o(i._printf_core) refers to uldiv.o(.text) for __aeabi_uldivmod
    printfa.o(i._printf_core) refers to printfa.o(i._printf_post_padding) for _printf_post_padding
    printfa.o(i._printf_core) refers to printfa.o(i._fp_digits) for _fp_digits
    printfa.o(i._printf_core) refers to uidiv.o(.text) for __aeabi_uidivmod
    printfa.o(i._printf_post_padding) refers (Special) to iusefp.o(.text) for __I$use$fp
    printfa.o(i._printf_pre_padding) refers (Special) to iusefp.o(.text) for __I$use$fp
    printfa.o(i._snputc) refers (Special) to iusefp.o(.text) for __I$use$fp
    printfa.o(i._sputc) refers (Special) to iusefp.o(.text) for __I$use$fp
    entry2.o(.ARM.Collect$$$$00000001) refers to entry2.o(.ARM.Collect$$$$00002712) for __lit__00000000
    entry2.o(.ARM.Collect$$$$00002712) refers to startup_stm32f10x_md.o(STACK) for __initial_sp
    entry2.o(__vectab_stack_and_reset_area) refers to startup_stm32f10x_md.o(STACK) for __initial_sp
    entry2.o(__vectab_stack_and_reset_area) refers to entry.o(.ARM.Collect$$$$00000000) for __main
    entry5.o(.ARM.Collect$$$$00000004) refers to init.o(.text) for __scatterload
    entry9a.o(.ARM.Collect$$$$0000000B) refers to main.o(i.main) for main
    entry9b.o(.ARM.Collect$$$$0000000C) refers to main.o(i.main) for main
    dadd.o(.text) refers to llshl.o(.text) for __aeabi_llsl
    dadd.o(.text) refers to llsshr.o(.text) for __aeabi_lasr
    dadd.o(.text) refers to depilogue.o(.text) for _double_epilogue
    dmul.o(.text) refers to depilogue.o(.text) for _double_epilogue
    ddiv.o(.text) refers to depilogue.o(.text) for _double_round
    dfixul.o(.text) refers to llushr.o(.text) for __aeabi_llsr
    dfixul.o(.text) refers to llshl.o(.text) for __aeabi_llsl
    init.o(.text) refers to entry5.o(.ARM.Collect$$$$00000004) for __main_after_scatterload
    depilogue.o(.text) refers to llshl.o(.text) for __aeabi_llsl
    depilogue.o(.text) refers to llushr.o(.text) for __aeabi_llsr


==============================================================================

Removing Unused input sections from the image.

    Removing app_led.o(i.App_Ws2812b_Color_Set), (36 bytes).
    Removing app_led.o(i.App_Ws2812b_Mode0), (20 bytes).
    Removing app_led.o(i.App_Ws2812b_Pattern0), (164 bytes).
    Removing app_led.o(i.App_Ws2812b_Pattern1), (236 bytes).
    Removing app_led.o(i.App_Ws2812b_Pattern2), (116 bytes).
    Removing app_led.o(i.App_Ws2812b_Pattern3), (120 bytes).
    Removing app_led.o(i.App_Ws2812b_Pattern4), (12 bytes).
    Removing app_led.o(i.App_Ws2812b_Pattern5), (12 bytes).
    Removing app_led.o(i.App_Ws2812b_Pattern6), (12 bytes).
    Removing app_led.o(.constdata), (1 bytes).
    Removing led_drv.o(i.Led_TurnOff), (36 bytes).
    Removing led_drv.o(i.Led_TurnOn), (36 bytes).
    Removing led_drv.o(i.Rgb_Led_Turn), (192 bytes).
    Removing led_drv.o(.data), (36 bytes).
    Removing ws2812b_drv.o(i.Ws2812b_BackwardWave), (164 bytes).
    Removing ws2812b_drv.o(i.Ws2812b_ForwardWave), (104 bytes).
    Removing ws2812b_drv.o(i.Ws2812b_SetBuf), (28 bytes).
    Removing ws2812b_drv.o(i.Ws2812b_SetLed), (52 bytes).
    Removing ws2812b_drv.o(i.Ws2812b_SetRandomBuf), (44 bytes).
    Removing ws2812b_drv.o(i.Ws2812b_Snake), (108 bytes).
    Removing systick.o(i.Sys_RunTime_Get), (12 bytes).
    Removing timer_drv.o(i.led_test), (20 bytes).
    Removing misc.o(i.NVIC_SetVectorTable), (20 bytes).
    Removing misc.o(i.NVIC_SystemLPConfig), (32 bytes).
    Removing misc.o(i.SysTick_CLKSourceConfig), (40 bytes).
    Removing stm32f10x_dma.o(i.DMA_ClearFlag), (28 bytes).
    Removing stm32f10x_dma.o(i.DMA_GetCurrDataCounter), (8 bytes).
    Removing stm32f10x_dma.o(i.DMA_GetFlagStatus), (44 bytes).
    Removing stm32f10x_gpio.o(i.GPIO_AFIODeInit), (20 bytes).
    Removing stm32f10x_gpio.o(i.GPIO_DeInit), (200 bytes).
    Removing stm32f10x_gpio.o(i.GPIO_ETH_MediaInterfaceConfig), (12 bytes).
    Removing stm32f10x_gpio.o(i.GPIO_EXTILineConfig), (64 bytes).
    Removing stm32f10x_gpio.o(i.GPIO_EventOutputCmd), (12 bytes).
    Removing stm32f10x_gpio.o(i.GPIO_EventOutputConfig), (32 bytes).
    Removing stm32f10x_gpio.o(i.GPIO_PinLockConfig), (18 bytes).
    Removing stm32f10x_gpio.o(i.GPIO_PinRemapConfig), (144 bytes).
    Removing stm32f10x_gpio.o(i.GPIO_ReadInputData), (8 bytes).
    Removing stm32f10x_gpio.o(i.GPIO_ReadInputDataBit), (18 bytes).
    Removing stm32f10x_gpio.o(i.GPIO_ReadOutputData), (8 bytes).
    Removing stm32f10x_gpio.o(i.GPIO_ReadOutputDataBit), (18 bytes).
    Removing stm32f10x_gpio.o(i.GPIO_StructInit), (16 bytes).
    Removing stm32f10x_gpio.o(i.GPIO_Write), (4 bytes).
    Removing stm32f10x_gpio.o(i.GPIO_WriteBit), (10 bytes).
    Removing stm32f10x_rcc.o(i.RCC_ADCCLKConfig), (24 bytes).
    Removing stm32f10x_rcc.o(i.RCC_AdjustHSICalibrationValue), (24 bytes).
    Removing stm32f10x_rcc.o(i.RCC_BackupResetCmd), (12 bytes).
    Removing stm32f10x_rcc.o(i.RCC_ClearFlag), (20 bytes).
    Removing stm32f10x_rcc.o(i.RCC_ClearITPendingBit), (12 bytes).
    Removing stm32f10x_rcc.o(i.RCC_ClockSecuritySystemCmd), (12 bytes).
    Removing stm32f10x_rcc.o(i.RCC_DeInit), (76 bytes).
    Removing stm32f10x_rcc.o(i.RCC_GetFlagStatus), (60 bytes).
    Removing stm32f10x_rcc.o(i.RCC_GetITStatus), (24 bytes).
    Removing stm32f10x_rcc.o(i.RCC_GetSYSCLKSource), (16 bytes).
    Removing stm32f10x_rcc.o(i.RCC_HCLKConfig), (24 bytes).
    Removing stm32f10x_rcc.o(i.RCC_HSEConfig), (76 bytes).
    Removing stm32f10x_rcc.o(i.RCC_HSICmd), (12 bytes).
    Removing stm32f10x_rcc.o(i.RCC_ITConfig), (32 bytes).
    Removing stm32f10x_rcc.o(i.RCC_LSEConfig), (52 bytes).
    Removing stm32f10x_rcc.o(i.RCC_LSICmd), (12 bytes).
    Removing stm32f10x_rcc.o(i.RCC_MCOConfig), (12 bytes).
    Removing stm32f10x_rcc.o(i.RCC_PCLK1Config), (24 bytes).
    Removing stm32f10x_rcc.o(i.RCC_PCLK2Config), (24 bytes).
    Removing stm32f10x_rcc.o(i.RCC_PLLCmd), (12 bytes).
    Removing stm32f10x_rcc.o(i.RCC_PLLConfig), (28 bytes).
    Removing stm32f10x_rcc.o(i.RCC_RTCCLKCmd), (12 bytes).
    Removing stm32f10x_rcc.o(i.RCC_RTCCLKConfig), (16 bytes).
    Removing stm32f10x_rcc.o(i.RCC_SYSCLKConfig), (24 bytes).
    Removing stm32f10x_rcc.o(i.RCC_USBCLKConfig), (12 bytes).
    Removing stm32f10x_rcc.o(i.RCC_WaitForHSEStartUp), (56 bytes).
    Removing stm32f10x_rtc.o(i.RTC_ClearFlag), (16 bytes).
    Removing stm32f10x_rtc.o(i.RTC_ClearITPendingBit), (16 bytes).
    Removing stm32f10x_rtc.o(i.RTC_EnterConfigMode), (20 bytes).
    Removing stm32f10x_rtc.o(i.RTC_ExitConfigMode), (20 bytes).
    Removing stm32f10x_rtc.o(i.RTC_GetCounter), (20 bytes).
    Removing stm32f10x_rtc.o(i.RTC_GetDivider), (24 bytes).
    Removing stm32f10x_rtc.o(i.RTC_GetFlagStatus), (24 bytes).
    Removing stm32f10x_rtc.o(i.RTC_GetITStatus), (36 bytes).
    Removing stm32f10x_rtc.o(i.RTC_ITConfig), (32 bytes).
    Removing stm32f10x_rtc.o(i.RTC_SetAlarm), (28 bytes).
    Removing stm32f10x_rtc.o(i.RTC_SetCounter), (28 bytes).
    Removing stm32f10x_rtc.o(i.RTC_SetPrescaler), (32 bytes).
    Removing stm32f10x_rtc.o(i.RTC_WaitForLastTask), (20 bytes).
    Removing stm32f10x_rtc.o(i.RTC_WaitForSynchro), (36 bytes).
    Removing stm32f10x_tim.o(i.TI1_Config), (128 bytes).
    Removing stm32f10x_tim.o(i.TI2_Config), (152 bytes).
    Removing stm32f10x_tim.o(i.TI3_Config), (144 bytes).
    Removing stm32f10x_tim.o(i.TI4_Config), (152 bytes).
    Removing stm32f10x_tim.o(i.TIM_BDTRConfig), (32 bytes).
    Removing stm32f10x_tim.o(i.TIM_BDTRStructInit), (18 bytes).
    Removing stm32f10x_tim.o(i.TIM_CCPreloadControl), (24 bytes).
    Removing stm32f10x_tim.o(i.TIM_CCxCmd), (30 bytes).
    Removing stm32f10x_tim.o(i.TIM_CCxNCmd), (30 bytes).
    Removing stm32f10x_tim.o(i.TIM_ClearOC1Ref), (18 bytes).
    Removing stm32f10x_tim.o(i.TIM_ClearOC2Ref), (24 bytes).
    Removing stm32f10x_tim.o(i.TIM_ClearOC3Ref), (18 bytes).
    Removing stm32f10x_tim.o(i.TIM_ClearOC4Ref), (24 bytes).
    Removing stm32f10x_tim.o(i.TIM_CounterModeConfig), (18 bytes).
    Removing stm32f10x_tim.o(i.TIM_CtrlPWMOutputs), (30 bytes).
    Removing stm32f10x_tim.o(i.TIM_ETRClockMode1Config), (54 bytes).
    Removing stm32f10x_tim.o(i.TIM_ETRClockMode2Config), (32 bytes).
    Removing stm32f10x_tim.o(i.TIM_ETRConfig), (28 bytes).
    Removing stm32f10x_tim.o(i.TIM_EncoderInterfaceConfig), (66 bytes).
    Removing stm32f10x_tim.o(i.TIM_ForcedOC1Config), (18 bytes).
    Removing stm32f10x_tim.o(i.TIM_ForcedOC2Config), (26 bytes).
    Removing stm32f10x_tim.o(i.TIM_ForcedOC3Config), (18 bytes).
    Removing stm32f10x_tim.o(i.TIM_ForcedOC4Config), (26 bytes).
    Removing stm32f10x_tim.o(i.TIM_GenerateEvent), (4 bytes).
    Removing stm32f10x_tim.o(i.TIM_GetCapture1), (6 bytes).
    Removing stm32f10x_tim.o(i.TIM_GetCapture2), (6 bytes).
    Removing stm32f10x_tim.o(i.TIM_GetCapture3), (6 bytes).
    Removing stm32f10x_tim.o(i.TIM_GetCapture4), (8 bytes).
    Removing stm32f10x_tim.o(i.TIM_GetCounter), (6 bytes).
    Removing stm32f10x_tim.o(i.TIM_GetFlagStatus), (18 bytes).
    Removing stm32f10x_tim.o(i.TIM_GetPrescaler), (6 bytes).
    Removing stm32f10x_tim.o(i.TIM_ICInit), (172 bytes).
    Removing stm32f10x_tim.o(i.TIM_ICStructInit), (18 bytes).
    Removing stm32f10x_tim.o(i.TIM_ITRxExternalClockConfig), (24 bytes).
    Removing stm32f10x_tim.o(i.TIM_OC1FastConfig), (18 bytes).
    Removing stm32f10x_tim.o(i.TIM_OC1NPolarityConfig), (18 bytes).
    Removing stm32f10x_tim.o(i.TIM_OC1PolarityConfig), (18 bytes).
    Removing stm32f10x_tim.o(i.TIM_OC2FastConfig), (26 bytes).
    Removing stm32f10x_tim.o(i.TIM_OC2NPolarityConfig), (26 bytes).
    Removing stm32f10x_tim.o(i.TIM_OC2PolarityConfig), (26 bytes).
    Removing stm32f10x_tim.o(i.TIM_OC3FastConfig), (18 bytes).
    Removing stm32f10x_tim.o(i.TIM_OC3NPolarityConfig), (26 bytes).
    Removing stm32f10x_tim.o(i.TIM_OC3PolarityConfig), (26 bytes).
    Removing stm32f10x_tim.o(i.TIM_OC4FastConfig), (26 bytes).
    Removing stm32f10x_tim.o(i.TIM_OC4PolarityConfig), (26 bytes).
    Removing stm32f10x_tim.o(i.TIM_PWMIConfig), (124 bytes).
    Removing stm32f10x_tim.o(i.TIM_PrescalerConfig), (6 bytes).
    Removing stm32f10x_tim.o(i.TIM_SelectCCDMA), (24 bytes).
    Removing stm32f10x_tim.o(i.TIM_SelectCOM), (24 bytes).
    Removing stm32f10x_tim.o(i.TIM_SelectHallSensor), (24 bytes).
    Removing stm32f10x_tim.o(i.TIM_SelectInputTrigger), (18 bytes).
    Removing stm32f10x_tim.o(i.TIM_SelectMasterSlaveMode), (18 bytes).
    Removing stm32f10x_tim.o(i.TIM_SelectOCxM), (82 bytes).
    Removing stm32f10x_tim.o(i.TIM_SelectOnePulseMode), (18 bytes).
    Removing stm32f10x_tim.o(i.TIM_SelectOutputTrigger), (18 bytes).
    Removing stm32f10x_tim.o(i.TIM_SelectSlaveMode), (18 bytes).
    Removing stm32f10x_tim.o(i.TIM_SetAutoreload), (4 bytes).
    Removing stm32f10x_tim.o(i.TIM_SetClockDivision), (18 bytes).
    Removing stm32f10x_tim.o(i.TIM_SetCounter), (4 bytes).
    Removing stm32f10x_tim.o(i.TIM_SetIC1Prescaler), (18 bytes).
    Removing stm32f10x_tim.o(i.TIM_SetIC2Prescaler), (26 bytes).
    Removing stm32f10x_tim.o(i.TIM_SetIC3Prescaler), (18 bytes).
    Removing stm32f10x_tim.o(i.TIM_SetIC4Prescaler), (26 bytes).
    Removing stm32f10x_tim.o(i.TIM_TIxExternalClockConfig), (62 bytes).
    Removing stm32f10x_tim.o(i.TIM_UpdateDisableConfig), (24 bytes).
    Removing stm32f10x_tim.o(i.TIM_UpdateRequestConfig), (24 bytes).
    Removing stm32f10x_usart.o(i.USART_ClearFlag), (18 bytes).
    Removing stm32f10x_usart.o(i.USART_ClearITPendingBit), (30 bytes).
    Removing stm32f10x_usart.o(i.USART_ClockInit), (34 bytes).
    Removing stm32f10x_usart.o(i.USART_ClockStructInit), (12 bytes).
    Removing stm32f10x_usart.o(i.USART_DMACmd), (18 bytes).
    Removing stm32f10x_usart.o(i.USART_DeInit), (156 bytes).
    Removing stm32f10x_usart.o(i.USART_GetITStatus), (84 bytes).
    Removing stm32f10x_usart.o(i.USART_HalfDuplexCmd), (24 bytes).
    Removing stm32f10x_usart.o(i.USART_ITConfig), (74 bytes).
    Removing stm32f10x_usart.o(i.USART_IrDACmd), (24 bytes).
    Removing stm32f10x_usart.o(i.USART_IrDAConfig), (18 bytes).
    Removing stm32f10x_usart.o(i.USART_LINBreakDetectLengthConfig), (18 bytes).
    Removing stm32f10x_usart.o(i.USART_LINCmd), (24 bytes).
    Removing stm32f10x_usart.o(i.USART_OneBitMethodCmd), (24 bytes).
    Removing stm32f10x_usart.o(i.USART_OverSampling8Cmd), (22 bytes).
    Removing stm32f10x_usart.o(i.USART_ReceiveData), (10 bytes).
    Removing stm32f10x_usart.o(i.USART_ReceiverWakeUpCmd), (24 bytes).
    Removing stm32f10x_usart.o(i.USART_SendBreak), (10 bytes).
    Removing stm32f10x_usart.o(i.USART_SetAddress), (18 bytes).
    Removing stm32f10x_usart.o(i.USART_SetGuardTime), (16 bytes).
    Removing stm32f10x_usart.o(i.USART_SetPrescaler), (16 bytes).
    Removing stm32f10x_usart.o(i.USART_SmartCardCmd), (24 bytes).
    Removing stm32f10x_usart.o(i.USART_SmartCardNACKCmd), (24 bytes).
    Removing stm32f10x_usart.o(i.USART_WakeUpConfig), (18 bytes).
    Removing core_cm3.o(.emb_text), (32 bytes).
    Removing startup_stm32f10x_md.o(HEAP), (512 bytes).
    Removing system_stm32f10x.o(i.SystemCoreClockUpdate), (164 bytes).
    Removing stm32f10x_it.o(i.SysTick_Handler), (2 bytes).
    Removing dadd.o(.text), (334 bytes).
    Removing dmul.o(.text), (228 bytes).
    Removing ddiv.o(.text), (222 bytes).
    Removing dfixul.o(.text), (48 bytes).
    Removing cdrcmple.o(.text), (48 bytes).
    Removing depilogue.o(.text), (186 bytes).

183 unused section(s) (total 8129 bytes) removed from the image.

==============================================================================

Image Symbol Table

    Local Symbols

    Symbol Name                              Value     Ov Type        Size  Object(Section)

    ../clib/microlib/division.c              0x00000000   Number         0  uldiv.o ABSOLUTE
    ../clib/microlib/division.c              0x00000000   Number         0  uidiv.o ABSOLUTE
    ../clib/microlib/init/entry.s            0x00000000   Number         0  entry2.o ABSOLUTE
    ../clib/microlib/init/entry.s            0x00000000   Number         0  entry11b.o ABSOLUTE
    ../clib/microlib/init/entry.s            0x00000000   Number         0  entry.o ABSOLUTE
    ../clib/microlib/init/entry.s            0x00000000   Number         0  entry11a.o ABSOLUTE
    ../clib/microlib/init/entry.s            0x00000000   Number         0  entry10b.o ABSOLUTE
    ../clib/microlib/init/entry.s            0x00000000   Number         0  entry10a.o ABSOLUTE
    ../clib/microlib/init/entry.s            0x00000000   Number         0  entry9b.o ABSOLUTE
    ../clib/microlib/init/entry.s            0x00000000   Number         0  entry7b.o ABSOLUTE
    ../clib/microlib/init/entry.s            0x00000000   Number         0  entry9a.o ABSOLUTE
    ../clib/microlib/init/entry.s            0x00000000   Number         0  entry5.o ABSOLUTE
    ../clib/microlib/init/entry.s            0x00000000   Number         0  entry8a.o ABSOLUTE
    ../clib/microlib/init/entry.s            0x00000000   Number         0  entry7a.o ABSOLUTE
    ../clib/microlib/init/entry.s            0x00000000   Number         0  entry8b.o ABSOLUTE
    ../clib/microlib/longlong.c              0x00000000   Number         0  llsshr.o ABSOLUTE
    ../clib/microlib/longlong.c              0x00000000   Number         0  llushr.o ABSOLUTE
    ../clib/microlib/longlong.c              0x00000000   Number         0  llshl.o ABSOLUTE
    ../clib/microlib/printf/printf.c         0x00000000   Number         0  printf5.o ABSOLUTE
    ../clib/microlib/printf/printf.c         0x00000000   Number         0  printf7.o ABSOLUTE
    ../clib/microlib/printf/printf.c         0x00000000   Number         0  printfb.o ABSOLUTE
    ../clib/microlib/printf/printf.c         0x00000000   Number         0  printf8.o ABSOLUTE
    ../clib/microlib/printf/printf.c         0x00000000   Number         0  printfa.o ABSOLUTE
    ../clib/microlib/printf/printf.c         0x00000000   Number         0  printf0.o ABSOLUTE
    ../clib/microlib/printf/printf.c         0x00000000   Number         0  printf6.o ABSOLUTE
    ../clib/microlib/printf/printf.c         0x00000000   Number         0  printf4.o ABSOLUTE
    ../clib/microlib/printf/printf.c         0x00000000   Number         0  printf3.o ABSOLUTE
    ../clib/microlib/printf/printf.c         0x00000000   Number         0  printf2.o ABSOLUTE
    ../clib/microlib/printf/printf.c         0x00000000   Number         0  printf1.o ABSOLUTE
    ../clib/microlib/printf/stubs.s          0x00000000   Number         0  stubs.o ABSOLUTE
    ../clib/microlib/stdio/streams.c         0x00000000   Number         0  stdout.o ABSOLUTE
    ../clib/microlib/stdlib/rand.c           0x00000000   Number         0  rand.o ABSOLUTE
    ../clib/microlib/stubs.s                 0x00000000   Number         0  iusefp.o ABSOLUTE
    ../fplib/microlib/fpadd.c                0x00000000   Number         0  dadd.o ABSOLUTE
    ../fplib/microlib/fpdiv.c                0x00000000   Number         0  ddiv.o ABSOLUTE
    ../fplib/microlib/fpepilogue.c           0x00000000   Number         0  depilogue.o ABSOLUTE
    ../fplib/microlib/fpfix.c                0x00000000   Number         0  dfixul.o ABSOLUTE
    ../fplib/microlib/fpmul.c                0x00000000   Number         0  dmul.o ABSOLUTE
    Application\app_led.c                    0x00000000   Number         0  app_led.o ABSOLUTE
    Application\main.c                       0x00000000   Number         0  main.o ABSOLUTE
    Arm\\core_cm3.c                          0x00000000   Number         0  core_cm3.o ABSOLUTE
    Arm\\stm32f10x_it.c                      0x00000000   Number         0  stm32f10x_it.o ABSOLUTE
    Arm\core_cm3.c                           0x00000000   Number         0  core_cm3.o ABSOLUTE
    Arm\startup_stm32f10x_md.s               0x00000000   Number         0  startup_stm32f10x_md.o ABSOLUTE
    Arm\stm32f10x_it.c                       0x00000000   Number         0  stm32f10x_it.o ABSOLUTE
    Arm\system_stm32f10x.c                   0x00000000   Number         0  system_stm32f10x.o ABSOLUTE
    Drivers\led_drv.c                        0x00000000   Number         0  led_drv.o ABSOLUTE
    Drivers\ws2812b_drv.c                    0x00000000   Number         0  ws2812b_drv.o ABSOLUTE
    Peripheral\dma.c                         0x00000000   Number         0  dma.o ABSOLUTE
    Peripheral\pwm.c                         0x00000000   Number         0  pwm.o ABSOLUTE
    Peripheral\systick.c                     0x00000000   Number         0  systick.o ABSOLUTE
    Peripheral\timer_drv.c                   0x00000000   Number         0  timer_drv.o ABSOLUTE
    Peripheral\uart_drv.c                    0x00000000   Number         0  uart_drv.o ABSOLUTE
    StdLib_Drivers\misc.c                    0x00000000   Number         0  misc.o ABSOLUTE
    StdLib_Drivers\stm32f10x_dma.c           0x00000000   Number         0  stm32f10x_dma.o ABSOLUTE
    StdLib_Drivers\stm32f10x_gpio.c          0x00000000   Number         0  stm32f10x_gpio.o ABSOLUTE
    StdLib_Drivers\stm32f10x_rcc.c           0x00000000   Number         0  stm32f10x_rcc.o ABSOLUTE
    StdLib_Drivers\stm32f10x_rtc.c           0x00000000   Number         0  stm32f10x_rtc.o ABSOLUTE
    StdLib_Drivers\stm32f10x_tim.c           0x00000000   Number         0  stm32f10x_tim.o ABSOLUTE
    StdLib_Drivers\stm32f10x_usart.c         0x00000000   Number         0  stm32f10x_usart.o ABSOLUTE
    cdrcmple.s                               0x00000000   Number         0  cdrcmple.o ABSOLUTE
    dc.s                                     0x00000000   Number         0  dc.o ABSOLUTE
    handlers.s                               0x00000000   Number         0  handlers.o ABSOLUTE
    init.s                                   0x00000000   Number         0  init.o ABSOLUTE
    RESET                                    0x08000000   Section      236  startup_stm32f10x_md.o(RESET)
    .ARM.Collect$$$$00000000                 0x080000ec   Section        0  entry.o(.ARM.Collect$$$$00000000)
    .ARM.Collect$$$$00000001                 0x080000ec   Section        4  entry2.o(.ARM.Collect$$$$00000001)
    .ARM.Collect$$$$00000004                 0x080000f0   Section        4  entry5.o(.ARM.Collect$$$$00000004)
    .ARM.Collect$$$$00000008                 0x080000f4   Section        0  entry7b.o(.ARM.Collect$$$$00000008)
    .ARM.Collect$$$$0000000A                 0x080000f4   Section        0  entry8b.o(.ARM.Collect$$$$0000000A)
    .ARM.Collect$$$$0000000B                 0x080000f4   Section        8  entry9a.o(.ARM.Collect$$$$0000000B)
    .ARM.Collect$$$$0000000D                 0x080000fc   Section        0  entry10a.o(.ARM.Collect$$$$0000000D)
    .ARM.Collect$$$$0000000F                 0x080000fc   Section        0  entry11a.o(.ARM.Collect$$$$0000000F)
    .ARM.Collect$$$$00002712                 0x080000fc   Section        4  entry2.o(.ARM.Collect$$$$00002712)
    __lit__00000000                          0x080000fc   Data           4  entry2.o(.ARM.Collect$$$$00002712)
    .emb_text                                0x08000100   Section       18  stm32f10x_it.o(.emb_text)
    .text                                    0x08000114   Section       36  startup_stm32f10x_md.o(.text)
    .text                                    0x08000138   Section        0  uldiv.o(.text)
    .text                                    0x0800019c   Section        0  rand.o(.text)
    .text                                    0x080001c0   Section        0  llshl.o(.text)
    .text                                    0x080001de   Section        0  llushr.o(.text)
    .text                                    0x08000200   Section       36  init.o(.text)
    i.App_Brightness_Timer_handler           0x08000224   Section        0  app_led.o(i.App_Brightness_Timer_handler)
    i.App_Init                               0x080002cc   Section        0  main.o(i.App_Init)
    App_Init                                 0x080002cd   Thumb Code     8  main.o(i.App_Init)
    i.App_Ws2812b_Close                      0x080002d4   Section        0  app_led.o(i.App_Ws2812b_Close)
    i.App_Ws2812b_Pattern7                   0x080002e0   Section        0  app_led.o(i.App_Ws2812b_Pattern7)
    i.Bsp_Led_Off                            0x080002ec   Section        0  led_drv.o(i.Bsp_Led_Off)
    i.Bsp_Led_On                             0x08000300   Section        0  led_drv.o(i.Bsp_Led_On)
    i.Bsp_Led_Timer_Handler                  0x08000314   Section        0  app_led.o(i.Bsp_Led_Timer_Handler)
    i.BusFault_Handler                       0x0800033c   Section        0  stm32f10x_it.o(i.BusFault_Handler)
    i.DMA1_Channel6_IRQHandler               0x08000340   Section        0  dma.o(i.DMA1_Channel6_IRQHandler)
    i.DMA_ClearITPendingBit                  0x08000360   Section        0  stm32f10x_dma.o(i.DMA_ClearITPendingBit)
    i.DMA_Cmd                                0x0800037c   Section        0  stm32f10x_dma.o(i.DMA_Cmd)
    i.DMA_DeInit                             0x08000394   Section        0  stm32f10x_dma.o(i.DMA_DeInit)
    i.DMA_GetITStatus                        0x080004e0   Section        0  stm32f10x_dma.o(i.DMA_GetITStatus)
    i.DMA_ITConfig                           0x0800050c   Section        0  stm32f10x_dma.o(i.DMA_ITConfig)
    i.DMA_Init                               0x0800051e   Section        0  stm32f10x_dma.o(i.DMA_Init)
    i.DMA_SetCurrDataCounter                 0x0800055a   Section        0  stm32f10x_dma.o(i.DMA_SetCurrDataCounter)
    i.DMA_StructInit                         0x0800055e   Section        0  stm32f10x_dma.o(i.DMA_StructInit)
    i.DebugMon_Handler                       0x08000578   Section        0  stm32f10x_it.o(i.DebugMon_Handler)
    i.Dma_Configuration                      0x0800057c   Section        0  dma.o(i.Dma_Configuration)
    i.Dma_IrqCb_set                          0x0800060c   Section        0  dma.o(i.Dma_IrqCb_set)
    i.Dma_Transfer_Trigger                   0x08000618   Section        0  dma.o(i.Dma_Transfer_Trigger)
    i.Driver_Init                            0x0800063c   Section        0  main.o(i.Driver_Init)
    Driver_Init                              0x0800063d   Thumb Code    40  main.o(i.Driver_Init)
    i.Duty_Cycle_Set                         0x0800066c   Section        0  app_led.o(i.Duty_Cycle_Set)
    i.GPIO_Init                              0x08000c00   Section        0  stm32f10x_gpio.o(i.GPIO_Init)
    i.GPIO_ResetBits                         0x08000d16   Section        0  stm32f10x_gpio.o(i.GPIO_ResetBits)
    i.GPIO_SetBits                           0x08000d1a   Section        0  stm32f10x_gpio.o(i.GPIO_SetBits)
    i.HardFault_Handler_C                    0x08000d20   Section        0  stm32f10x_it.o(i.HardFault_Handler_C)
    i.Init_Before_Driver                     0x08000d64   Section        0  main.o(i.Init_Before_Driver)
    Init_Before_Driver                       0x08000d65   Thumb Code    10  main.o(i.Init_Before_Driver)
    i.Led_Drv_Init                           0x08000d74   Section        0  led_drv.o(i.Led_Drv_Init)
    i.Led_Gpio_config                        0x08000da8   Section        0  pwm.o(i.Led_Gpio_config)
    Led_Gpio_config                          0x08000da9   Thumb Code    38  pwm.o(i.Led_Gpio_config)
    i.Led_Pwm_Init                           0x08000dd4   Section        0  pwm.o(i.Led_Pwm_Init)
    i.MemManage_Handler                      0x08000e30   Section        0  stm32f10x_it.o(i.MemManage_Handler)
    i.NMI_Handler                            0x08000e34   Section        0  stm32f10x_it.o(i.NMI_Handler)
    i.NVIC_Init                              0x08000e38   Section        0  misc.o(i.NVIC_Init)
    i.NVIC_PriorityGroupConfig               0x08000ea8   Section        0  misc.o(i.NVIC_PriorityGroupConfig)
    i.PendSV_Handler                         0x08000ebc   Section        0  stm32f10x_it.o(i.PendSV_Handler)
    i.Pwm_Cmd                                0x08000ec0   Section        0  pwm.o(i.Pwm_Cmd)
    i.Pwm_Duty_Set                           0x08000ee0   Section        0  pwm.o(i.Pwm_Duty_Set)
    i.RCC_AHBPeriphClockCmd                  0x08000ef4   Section        0  stm32f10x_rcc.o(i.RCC_AHBPeriphClockCmd)
    i.RCC_APB1PeriphClockCmd                 0x08000f14   Section        0  stm32f10x_rcc.o(i.RCC_APB1PeriphClockCmd)
    i.RCC_APB1PeriphResetCmd                 0x08000f34   Section        0  stm32f10x_rcc.o(i.RCC_APB1PeriphResetCmd)
    i.RCC_APB2PeriphClockCmd                 0x08000f54   Section        0  stm32f10x_rcc.o(i.RCC_APB2PeriphClockCmd)
    i.RCC_APB2PeriphResetCmd                 0x08000f74   Section        0  stm32f10x_rcc.o(i.RCC_APB2PeriphResetCmd)
    i.RCC_GetClocksFreq                      0x08000f94   Section        0  stm32f10x_rcc.o(i.RCC_GetClocksFreq)
    i.Rgb_Duty_Set                           0x08001068   Section        0  pwm.o(i.Rgb_Duty_Set)
    i.Rgb_Pwm_Init                           0x08001090   Section        0  pwm.o(i.Rgb_Pwm_Init)
    i.SVC_Handler                            0x08001170   Section        0  stm32f10x_it.o(i.SVC_Handler)
    i.SetSysClock                            0x08001172   Section        0  system_stm32f10x.o(i.SetSysClock)
    SetSysClock                              0x08001173   Thumb Code     8  system_stm32f10x.o(i.SetSysClock)
    i.SetSysClockTo72                        0x0800117c   Section        0  system_stm32f10x.o(i.SetSysClockTo72)
    SetSysClockTo72                          0x0800117d   Thumb Code   214  system_stm32f10x.o(i.SetSysClockTo72)
    i.SysTick_Handler                        0x0800125c   Section        0  systick.o(i.SysTick_Handler)
    i.SystemInit                             0x08001280   Section        0  system_stm32f10x.o(i.SystemInit)
    i.Systick_Init                           0x080012e0   Section        0  systick.o(i.Systick_Init)
    i.TIM2_IRQHandler                        0x08001348   Section        0  timer_drv.o(i.TIM2_IRQHandler)
    i.TIM_ARRPreloadConfig                   0x08001398   Section        0  stm32f10x_tim.o(i.TIM_ARRPreloadConfig)
    i.TIM_ClearFlag                          0x080013b0   Section        0  stm32f10x_tim.o(i.TIM_ClearFlag)
    i.TIM_ClearITPendingBit                  0x080013b6   Section        0  stm32f10x_tim.o(i.TIM_ClearITPendingBit)
    i.TIM_Cmd                                0x080013bc   Section        0  stm32f10x_tim.o(i.TIM_Cmd)
    i.TIM_DMACmd                             0x080013d4   Section        0  stm32f10x_tim.o(i.TIM_DMACmd)
    i.TIM_DMAConfig                          0x080013e6   Section        0  stm32f10x_tim.o(i.TIM_DMAConfig)
    i.TIM_DeInit                             0x080013f0   Section        0  stm32f10x_tim.o(i.TIM_DeInit)
    i.TIM_GetITStatus                        0x080015d8   Section        0  stm32f10x_tim.o(i.TIM_GetITStatus)
    i.TIM_ITConfig                           0x080015fa   Section        0  stm32f10x_tim.o(i.TIM_ITConfig)
    i.TIM_InternalClockConfig                0x0800160c   Section        0  stm32f10x_tim.o(i.TIM_InternalClockConfig)
    i.TIM_OC1Init                            0x08001618   Section        0  stm32f10x_tim.o(i.TIM_OC1Init)
    i.TIM_OC1PreloadConfig                   0x080016b0   Section        0  stm32f10x_tim.o(i.TIM_OC1PreloadConfig)
    i.TIM_OC2Init                            0x080016c4   Section        0  stm32f10x_tim.o(i.TIM_OC2Init)
    i.TIM_OC2PreloadConfig                   0x08001768   Section        0  stm32f10x_tim.o(i.TIM_OC2PreloadConfig)
    i.TIM_OC3Init                            0x08001784   Section        0  stm32f10x_tim.o(i.TIM_OC3Init)
    i.TIM_OC3PreloadConfig                   0x08001824   Section        0  stm32f10x_tim.o(i.TIM_OC3PreloadConfig)
    i.TIM_OC4Init                            0x08001838   Section        0  stm32f10x_tim.o(i.TIM_OC4Init)
    i.TIM_OC4PreloadConfig                   0x080018b4   Section        0  stm32f10x_tim.o(i.TIM_OC4PreloadConfig)
    i.TIM_OCStructInit                       0x080018ce   Section        0  stm32f10x_tim.o(i.TIM_OCStructInit)
    i.TIM_SetCompare1                        0x080018e2   Section        0  stm32f10x_tim.o(i.TIM_SetCompare1)
    i.TIM_SetCompare2                        0x080018e6   Section        0  stm32f10x_tim.o(i.TIM_SetCompare2)
    i.TIM_SetCompare3                        0x080018ea   Section        0  stm32f10x_tim.o(i.TIM_SetCompare3)
    i.TIM_SetCompare4                        0x080018ee   Section        0  stm32f10x_tim.o(i.TIM_SetCompare4)
    i.TIM_TimeBaseInit                       0x080018f4   Section        0  stm32f10x_tim.o(i.TIM_TimeBaseInit)
    i.TIM_TimeBaseStructInit                 0x08001998   Section        0  stm32f10x_tim.o(i.TIM_TimeBaseStructInit)
    i.Task_Flag_Update                       0x080019ac   Section        0  main.o(i.Task_Flag_Update)
    Task_Flag_Update                         0x080019ad   Thumb Code    92  main.o(i.Task_Flag_Update)
    i.Task_Schedule_Callback                 0x08001a0c   Section        0  systick.o(i.Task_Schedule_Callback)
    i.Task_Schedule_Handler                  0x08001a18   Section        0  main.o(i.Task_Schedule_Handler)
    Task_Schedule_Handler                    0x08001a19   Thumb Code    86  main.o(i.Task_Schedule_Handler)
    i.Tim3_Config                            0x08001a74   Section        0  pwm.o(i.Tim3_Config)
    Tim3_Config                              0x08001a75   Thumb Code    56  pwm.o(i.Tim3_Config)
    i.Timer_Drv_Init                         0x08001ab0   Section        0  timer_drv.o(i.Timer_Drv_Init)
    i.USART_Cmd                              0x08001b2c   Section        0  stm32f10x_usart.o(i.USART_Cmd)
    i.USART_GetFlagStatus                    0x08001b44   Section        0  stm32f10x_usart.o(i.USART_GetFlagStatus)
    i.USART_Init                             0x08001b60   Section        0  stm32f10x_usart.o(i.USART_Init)
    i.USART_SendData                         0x08001c38   Section        0  stm32f10x_usart.o(i.USART_SendData)
    i.USART_StructInit                       0x08001c40   Section        0  stm32f10x_usart.o(i.USART_StructInit)
    i.UsageFault_Handler                     0x08001c58   Section        0  stm32f10x_it.o(i.UsageFault_Handler)
    i.Ws2812b_ClearBuf                       0x08001c5c   Section        0  ws2812b_drv.o(i.Ws2812b_ClearBuf)
    i.Ws2812b_Init                           0x08001c78   Section        0  ws2812b_drv.o(i.Ws2812b_Init)
    i.Ws2812b_Irq_Handler                    0x08001c94   Section        0  ws2812b_drv.o(i.Ws2812b_Irq_Handler)
    i.Ws2812b_MeteorTrail                    0x08001cb0   Section        0  ws2812b_drv.o(i.Ws2812b_MeteorTrail)
    i.Ws2812b_UpdateBuf                      0x08001dac   Section        0  ws2812b_drv.o(i.Ws2812b_UpdateBuf)
    i.__0printf$8                            0x08001e24   Section        0  printf8.o(i.__0printf$8)
    i.__0snprintf$8                          0x08001e44   Section        0  printf8.o(i.__0snprintf$8)
    i.__scatterload_copy                     0x08001e74   Section       14  handlers.o(i.__scatterload_copy)
    i.__scatterload_null                     0x08001e82   Section        2  handlers.o(i.__scatterload_null)
    i.__scatterload_zeroinit                 0x08001e84   Section       14  handlers.o(i.__scatterload_zeroinit)
    i._printf_core                           0x08001e94   Section        0  printf8.o(i._printf_core)
    _printf_core                             0x08001e95   Thumb Code   996  printf8.o(i._printf_core)
    i._printf_post_padding                   0x080022a4   Section        0  printf8.o(i._printf_post_padding)
    _printf_post_padding                     0x080022a5   Thumb Code    36  printf8.o(i._printf_post_padding)
    i._printf_pre_padding                    0x080022c8   Section        0  printf8.o(i._printf_pre_padding)
    _printf_pre_padding                      0x080022c9   Thumb Code    46  printf8.o(i._printf_pre_padding)
    i._snputc                                0x080022f6   Section        0  printf8.o(i._snputc)
    _snputc                                  0x080022f7   Thumb Code    22  printf8.o(i._snputc)
    i.fputc                                  0x0800230c   Section        0  uart_drv.o(i.fputc)
    i.main                                   0x08002334   Section        0  main.o(i.main)
    i.uart_drv_init                          0x08002348   Section        0  uart_drv.o(i.uart_drv_init)
    i.uart_gpio_init                         0x08002378   Section        0  uart_drv.o(i.uart_gpio_init)
    uart_gpio_init                           0x08002379   Thumb Code    68  uart_drv.o(i.uart_gpio_init)
    i.uart_init                              0x080023c4   Section        0  uart_drv.o(i.uart_init)
    uart_init                                0x080023c5   Thumb Code    42  uart_drv.o(i.uart_init)
    .constdata                               0x080023f4   Section       12  main.o(.constdata)
    __func__                                 0x080023f4   Data          12  main.o(.constdata)
    .conststring                             0x08002400   Section      120  stm32f10x_it.o(.conststring)
    .data                                    0x20000000   Section       48  main.o(.data)
    task_list                                0x20000000   Data          48  main.o(.data)
    .data                                    0x20000030   Section       64  app_led.o(.data)
    breath_dir                               0x20000030   Data           1  app_led.o(.data)
    bright                                   0x20000031   Data           1  app_led.o(.data)
    color_mode                               0x20000032   Data           1  app_led.o(.data)
    breath_times                             0x20000033   Data           7  app_led.o(.data)
    base_color                               0x2000003c   Data          12  app_led.o(.data)
    pattern3_color                           0x20000048   Data          28  app_led.o(.data)
    randnum                                  0x20000064   Data           1  app_led.o(.data)
    prev_color_mode                          0x20000065   Data           1  app_led.o(.data)
    current_color_mode                       0x20000066   Data           1  app_led.o(.data)
    base_color_index                         0x20000067   Data           1  app_led.o(.data)
    led_cnt                                  0x20000068   Data           1  app_led.o(.data)
    color_index                              0x20000069   Data           1  app_led.o(.data)
    bsp_flag                                 0x2000006a   Data           1  app_led.o(.data)
    led_breath_direction                     0x2000006b   Data           1  app_led.o(.data)
    color_turn                               0x2000006c   Data           1  app_led.o(.data)
    duty_cycle                               0x2000006e   Data           2  app_led.o(.data)
    .data                                    0x20000070   Section       39  ws2812b_drv.o(.data)
    meteor_color                             0x20000074   Data          28  ws2812b_drv.o(.data)
    wave_round                               0x20000090   Data           1  ws2812b_drv.o(.data)
    wave_cnt                                 0x20000091   Data           1  ws2812b_drv.o(.data)
    wave                                     0x20000092   Data           1  ws2812b_drv.o(.data)
    counter                                  0x20000093   Data           1  ws2812b_drv.o(.data)
    len                                      0x20000094   Data           1  ws2812b_drv.o(.data)
    meteor                                   0x20000095   Data           1  ws2812b_drv.o(.data)
    color_ctrl                               0x20000096   Data           1  ws2812b_drv.o(.data)
    .data                                    0x20000098   Section       12  systick.o(.data)
    m_sys_run_time                           0x20000098   Data           8  systick.o(.data)
    p_TaskSchedule_Update                    0x200000a0   Data           4  systick.o(.data)
    .data                                    0x200000a4   Section        4  timer_drv.o(.data)
    cnt                                      0x200000a6   Data           2  timer_drv.o(.data)
    .data                                    0x200000a8   Section        8  uart_drv.o(.data)
    m_uart_info                              0x200000a8   Data           8  uart_drv.o(.data)
    .data                                    0x200000b0   Section        4  dma.o(.data)
    p_Ws2812b_Cb                             0x200000b0   Data           4  dma.o(.data)
    .data                                    0x200000b4   Section       20  stm32f10x_rcc.o(.data)
    APBAHBPrescTable                         0x200000b4   Data          16  stm32f10x_rcc.o(.data)
    ADCPrescTable                            0x200000c4   Data           4  stm32f10x_rcc.o(.data)
    .data                                    0x200000c8   Section       20  system_stm32f10x.o(.data)
    .data                                    0x200000dc   Section        4  rand.o(.data)
    _rand_state                              0x200000dc   Data           4  rand.o(.data)
    .data                                    0x200000e0   Section        4  stdout.o(.data)
    .bss                                     0x200000e4   Section     3122  ws2812b_drv.o(.bss)
    STACK                                    0x20000d18   Section     1024  startup_stm32f10x_md.o(STACK)

    Global Symbols

    Symbol Name                              Value     Ov Type        Size  Object(Section)

    BuildAttributes$$THM_ISAv4$P$D$K$B$S$PE$A:L22UL41UL21$X:L11$S22US41US21$IEEE1$IW$USESV6$~STKCKD$USESV7$~SHL$OSPACE$ROPI$EBA8$MICROLIB$REQ8$PRES8$EABIv2 0x00000000   Number         0  anon$$obj.o ABSOLUTE
    __ARM_use_no_argv                        0x00000000   Number         0  main.o ABSOLUTE
    _printf_a                                0x00000000   Number         0  stubs.o ABSOLUTE
    _printf_c                                0x00000000   Number         0  stubs.o ABSOLUTE
    _printf_charcount                        0x00000000   Number         0  stubs.o ABSOLUTE
    _printf_d                                0x00000000   Number         0  stubs.o ABSOLUTE
    _printf_e                                0x00000000   Number         0  stubs.o ABSOLUTE
    _printf_f                                0x00000000   Number         0  stubs.o ABSOLUTE
    _printf_flags                            0x00000000   Number         0  stubs.o ABSOLUTE
    _printf_fp_dec                           0x00000000   Number         0  stubs.o ABSOLUTE
    _printf_fp_hex                           0x00000000   Number         0  stubs.o ABSOLUTE
    _printf_g                                0x00000000   Number         0  stubs.o ABSOLUTE
    _printf_i                                0x00000000   Number         0  stubs.o ABSOLUTE
    _printf_int_dec                          0x00000000   Number         0  stubs.o ABSOLUTE
    _printf_l                                0x00000000   Number         0  stubs.o ABSOLUTE
    _printf_lc                               0x00000000   Number         0  stubs.o ABSOLUTE
    _printf_ll                               0x00000000   Number         0  stubs.o ABSOLUTE
    _printf_lld                              0x00000000   Number         0  stubs.o ABSOLUTE
    _printf_lli                              0x00000000   Number         0  stubs.o ABSOLUTE
    _printf_llo                              0x00000000   Number         0  stubs.o ABSOLUTE
    _printf_llu                              0x00000000   Number         0  stubs.o ABSOLUTE
    _printf_llx                              0x00000000   Number         0  stubs.o ABSOLUTE
    _printf_longlong_dec                     0x00000000   Number         0  stubs.o ABSOLUTE
    _printf_longlong_hex                     0x00000000   Number         0  stubs.o ABSOLUTE
    _printf_longlong_oct                     0x00000000   Number         0  stubs.o ABSOLUTE
    _printf_ls                               0x00000000   Number         0  stubs.o ABSOLUTE
    _printf_mbtowc                           0x00000000   Number         0  stubs.o ABSOLUTE
    _printf_n                                0x00000000   Number         0  stubs.o ABSOLUTE
    _printf_o                                0x00000000   Number         0  stubs.o ABSOLUTE
    _printf_p                                0x00000000   Number         0  stubs.o ABSOLUTE
    _printf_percent                          0x00000000   Number         0  stubs.o ABSOLUTE
    _printf_pre_padding                      0x00000000   Number         0  stubs.o ABSOLUTE
    _printf_return_value                     0x00000000   Number         0  stubs.o ABSOLUTE
    _printf_s                                0x00000000   Number         0  stubs.o ABSOLUTE
    _printf_sizespec                         0x00000000   Number         0  stubs.o ABSOLUTE
    _printf_str                              0x00000000   Number         0  stubs.o ABSOLUTE
    _printf_truncate_signed                  0x00000000   Number         0  stubs.o ABSOLUTE
    _printf_truncate_unsigned                0x00000000   Number         0  stubs.o ABSOLUTE
    _printf_u                                0x00000000   Number         0  stubs.o ABSOLUTE
    _printf_wc                               0x00000000   Number         0  stubs.o ABSOLUTE
    _printf_wctomb                           0x00000000   Number         0  stubs.o ABSOLUTE
    _printf_widthprec                        0x00000000   Number         0  stubs.o ABSOLUTE
    _printf_x                                0x00000000   Number         0  stubs.o ABSOLUTE
    __cpp_initialize__aeabi_                  - Undefined Weak Reference
    __cxa_finalize                            - Undefined Weak Reference
    __decompress                              - Undefined Weak Reference
    _clock_init                               - Undefined Weak Reference
    _microlib_exit                            - Undefined Weak Reference
    __Vectors_Size                           0x000000ec   Number         0  startup_stm32f10x_md.o ABSOLUTE
    __Vectors                                0x08000000   Data           4  startup_stm32f10x_md.o(RESET)
    __Vectors_End                            0x080000ec   Data           0  startup_stm32f10x_md.o(RESET)
    __main                                   0x080000ed   Thumb Code     0  entry.o(.ARM.Collect$$$$00000000)
    _main_stk                                0x080000ed   Thumb Code     0  entry2.o(.ARM.Collect$$$$00000001)
    _main_scatterload                        0x080000f1   Thumb Code     0  entry5.o(.ARM.Collect$$$$00000004)
    __main_after_scatterload                 0x080000f5   Thumb Code     0  entry5.o(.ARM.Collect$$$$00000004)
    _main_clock                              0x080000f5   Thumb Code     0  entry7b.o(.ARM.Collect$$$$00000008)
    _main_cpp_init                           0x080000f5   Thumb Code     0  entry8b.o(.ARM.Collect$$$$0000000A)
    _main_init                               0x080000f5   Thumb Code     0  entry9a.o(.ARM.Collect$$$$0000000B)
    __rt_final_cpp                           0x080000fd   Thumb Code     0  entry10a.o(.ARM.Collect$$$$0000000D)
    __rt_final_exit                          0x080000fd   Thumb Code     0  entry11a.o(.ARM.Collect$$$$0000000F)
    HardFault_Handler                        0x08000101   Thumb Code    18  stm32f10x_it.o(.emb_text)
    Reset_Handler                            0x08000115   Thumb Code     8  startup_stm32f10x_md.o(.text)
    ADC1_2_IRQHandler                        0x0800012f   Thumb Code     0  startup_stm32f10x_md.o(.text)
    CAN1_RX1_IRQHandler                      0x0800012f   Thumb Code     0  startup_stm32f10x_md.o(.text)
    CAN1_SCE_IRQHandler                      0x0800012f   Thumb Code     0  startup_stm32f10x_md.o(.text)
    DMA1_Channel1_IRQHandler                 0x0800012f   Thumb Code     0  startup_stm32f10x_md.o(.text)
    DMA1_Channel2_IRQHandler                 0x0800012f   Thumb Code     0  startup_stm32f10x_md.o(.text)
    DMA1_Channel3_IRQHandler                 0x0800012f   Thumb Code     0  startup_stm32f10x_md.o(.text)
    DMA1_Channel4_IRQHandler                 0x0800012f   Thumb Code     0  startup_stm32f10x_md.o(.text)
    DMA1_Channel5_IRQHandler                 0x0800012f   Thumb Code     0  startup_stm32f10x_md.o(.text)
    DMA1_Channel7_IRQHandler                 0x0800012f   Thumb Code     0  startup_stm32f10x_md.o(.text)
    EXTI0_IRQHandler                         0x0800012f   Thumb Code     0  startup_stm32f10x_md.o(.text)
    EXTI15_10_IRQHandler                     0x0800012f   Thumb Code     0  startup_stm32f10x_md.o(.text)
    EXTI1_IRQHandler                         0x0800012f   Thumb Code     0  startup_stm32f10x_md.o(.text)
    EXTI2_IRQHandler                         0x0800012f   Thumb Code     0  startup_stm32f10x_md.o(.text)
    EXTI3_IRQHandler                         0x0800012f   Thumb Code     0  startup_stm32f10x_md.o(.text)
    EXTI4_IRQHandler                         0x0800012f   Thumb Code     0  startup_stm32f10x_md.o(.text)
    EXTI9_5_IRQHandler                       0x0800012f   Thumb Code     0  startup_stm32f10x_md.o(.text)
    FLASH_IRQHandler                         0x0800012f   Thumb Code     0  startup_stm32f10x_md.o(.text)
    I2C1_ER_IRQHandler                       0x0800012f   Thumb Code     0  startup_stm32f10x_md.o(.text)
    I2C1_EV_IRQHandler                       0x0800012f   Thumb Code     0  startup_stm32f10x_md.o(.text)
    I2C2_ER_IRQHandler                       0x0800012f   Thumb Code     0  startup_stm32f10x_md.o(.text)
    I2C2_EV_IRQHandler                       0x0800012f   Thumb Code     0  startup_stm32f10x_md.o(.text)
    PVD_IRQHandler                           0x0800012f   Thumb Code     0  startup_stm32f10x_md.o(.text)
    RCC_IRQHandler                           0x0800012f   Thumb Code     0  startup_stm32f10x_md.o(.text)
    RTCAlarm_IRQHandler                      0x0800012f   Thumb Code     0  startup_stm32f10x_md.o(.text)
    RTC_IRQHandler                           0x0800012f   Thumb Code     0  startup_stm32f10x_md.o(.text)
    SPI1_IRQHandler                          0x0800012f   Thumb Code     0  startup_stm32f10x_md.o(.text)
    SPI2_IRQHandler                          0x0800012f   Thumb Code     0  startup_stm32f10x_md.o(.text)
    TAMPER_IRQHandler                        0x0800012f   Thumb Code     0  startup_stm32f10x_md.o(.text)
    TIM1_BRK_IRQHandler                      0x0800012f   Thumb Code     0  startup_stm32f10x_md.o(.text)
    TIM1_CC_IRQHandler                       0x0800012f   Thumb Code     0  startup_stm32f10x_md.o(.text)
    TIM1_TRG_COM_IRQHandler                  0x0800012f   Thumb Code     0  startup_stm32f10x_md.o(.text)
    TIM1_UP_IRQHandler                       0x0800012f   Thumb Code     0  startup_stm32f10x_md.o(.text)
    TIM3_IRQHandler                          0x0800012f   Thumb Code     0  startup_stm32f10x_md.o(.text)
    TIM4_IRQHandler                          0x0800012f   Thumb Code     0  startup_stm32f10x_md.o(.text)
    USART1_IRQHandler                        0x0800012f   Thumb Code     0  startup_stm32f10x_md.o(.text)
    USART2_IRQHandler                        0x0800012f   Thumb Code     0  startup_stm32f10x_md.o(.text)
    USART3_IRQHandler                        0x0800012f   Thumb Code     0  startup_stm32f10x_md.o(.text)
    USBWakeUp_IRQHandler                     0x0800012f   Thumb Code     0  startup_stm32f10x_md.o(.text)
    USB_HP_CAN1_TX_IRQHandler                0x0800012f   Thumb Code     0  startup_stm32f10x_md.o(.text)
    USB_LP_CAN1_RX0_IRQHandler               0x0800012f   Thumb Code     0  startup_stm32f10x_md.o(.text)
    WWDG_IRQHandler                          0x0800012f   Thumb Code     0  startup_stm32f10x_md.o(.text)
    __aeabi_uldivmod                         0x08000139   Thumb Code    98  uldiv.o(.text)
    rand                                     0x0800019d   Thumb Code    20  rand.o(.text)
    srand                                    0x080001b1   Thumb Code     6  rand.o(.text)
    __aeabi_llsl                             0x080001c1   Thumb Code    30  llshl.o(.text)
    _ll_shift_l                              0x080001c1   Thumb Code     0  llshl.o(.text)
    __aeabi_llsr                             0x080001df   Thumb Code    32  llushr.o(.text)
    _ll_ushift_r                             0x080001df   Thumb Code     0  llushr.o(.text)
    __scatterload                            0x08000201   Thumb Code    28  init.o(.text)
    __scatterload_rt2                        0x08000201   Thumb Code     0  init.o(.text)
    App_Brightness_Timer_handler             0x08000225   Thumb Code   150  app_led.o(i.App_Brightness_Timer_handler)
    App_Ws2812b_Close                        0x080002d5   Thumb Code    12  app_led.o(i.App_Ws2812b_Close)
    App_Ws2812b_Pattern7                     0x080002e1   Thumb Code    12  app_led.o(i.App_Ws2812b_Pattern7)
    Bsp_Led_Off                              0x080002ed   Thumb Code    14  led_drv.o(i.Bsp_Led_Off)
    Bsp_Led_On                               0x08000301   Thumb Code    14  led_drv.o(i.Bsp_Led_On)
    Bsp_Led_Timer_Handler                    0x08000315   Thumb Code    36  app_led.o(i.Bsp_Led_Timer_Handler)
    BusFault_Handler                         0x0800033d   Thumb Code     4  stm32f10x_it.o(i.BusFault_Handler)
    DMA1_Channel6_IRQHandler                 0x08000341   Thumb Code    28  dma.o(i.DMA1_Channel6_IRQHandler)
    DMA_ClearITPendingBit                    0x08000361   Thumb Code    18  stm32f10x_dma.o(i.DMA_ClearITPendingBit)
    DMA_Cmd                                  0x0800037d   Thumb Code    24  stm32f10x_dma.o(i.DMA_Cmd)
    DMA_DeInit                               0x08000395   Thumb Code   324  stm32f10x_dma.o(i.DMA_DeInit)
    DMA_GetITStatus                          0x080004e1   Thumb Code    36  stm32f10x_dma.o(i.DMA_GetITStatus)
    DMA_ITConfig                             0x0800050d   Thumb Code    18  stm32f10x_dma.o(i.DMA_ITConfig)
    DMA_Init                                 0x0800051f   Thumb Code    60  stm32f10x_dma.o(i.DMA_Init)
    DMA_SetCurrDataCounter                   0x0800055b   Thumb Code     4  stm32f10x_dma.o(i.DMA_SetCurrDataCounter)
    DMA_StructInit                           0x0800055f   Thumb Code    26  stm32f10x_dma.o(i.DMA_StructInit)
    DebugMon_Handler                         0x08000579   Thumb Code     2  stm32f10x_it.o(i.DebugMon_Handler)
    Dma_Configuration                        0x0800057d   Thumb Code   124  dma.o(i.Dma_Configuration)
    Dma_IrqCb_set                            0x0800060d   Thumb Code     6  dma.o(i.Dma_IrqCb_set)
    Dma_Transfer_Trigger                     0x08000619   Thumb Code    30  dma.o(i.Dma_Transfer_Trigger)
    Duty_Cycle_Set                           0x0800066d   Thumb Code  1414  app_led.o(i.Duty_Cycle_Set)
    GPIO_Init                                0x08000c01   Thumb Code   278  stm32f10x_gpio.o(i.GPIO_Init)
    GPIO_ResetBits                           0x08000d17   Thumb Code     4  stm32f10x_gpio.o(i.GPIO_ResetBits)
    GPIO_SetBits                             0x08000d1b   Thumb Code     4  stm32f10x_gpio.o(i.GPIO_SetBits)
    HardFault_Handler_C                      0x08000d21   Thumb Code    58  stm32f10x_it.o(i.HardFault_Handler_C)
    Led_Drv_Init                             0x08000d75   Thumb Code    48  led_drv.o(i.Led_Drv_Init)
    Led_Pwm_Init                             0x08000dd5   Thumb Code    88  pwm.o(i.Led_Pwm_Init)
    MemManage_Handler                        0x08000e31   Thumb Code     4  stm32f10x_it.o(i.MemManage_Handler)
    NMI_Handler                              0x08000e35   Thumb Code     2  stm32f10x_it.o(i.NMI_Handler)
    NVIC_Init                                0x08000e39   Thumb Code   100  misc.o(i.NVIC_Init)
    NVIC_PriorityGroupConfig                 0x08000ea9   Thumb Code    10  misc.o(i.NVIC_PriorityGroupConfig)
    PendSV_Handler                           0x08000ebd   Thumb Code     2  stm32f10x_it.o(i.PendSV_Handler)
    Pwm_Cmd                                  0x08000ec1   Thumb Code    26  pwm.o(i.Pwm_Cmd)
    Pwm_Duty_Set                             0x08000ee1   Thumb Code    14  pwm.o(i.Pwm_Duty_Set)
    RCC_AHBPeriphClockCmd                    0x08000ef5   Thumb Code    26  stm32f10x_rcc.o(i.RCC_AHBPeriphClockCmd)
    RCC_APB1PeriphClockCmd                   0x08000f15   Thumb Code    26  stm32f10x_rcc.o(i.RCC_APB1PeriphClockCmd)
    RCC_APB1PeriphResetCmd                   0x08000f35   Thumb Code    26  stm32f10x_rcc.o(i.RCC_APB1PeriphResetCmd)
    RCC_APB2PeriphClockCmd                   0x08000f55   Thumb Code    26  stm32f10x_rcc.o(i.RCC_APB2PeriphClockCmd)
    RCC_APB2PeriphResetCmd                   0x08000f75   Thumb Code    26  stm32f10x_rcc.o(i.RCC_APB2PeriphResetCmd)
    RCC_GetClocksFreq                        0x08000f95   Thumb Code   192  stm32f10x_rcc.o(i.RCC_GetClocksFreq)
    Rgb_Duty_Set                             0x08001069   Thumb Code    40  pwm.o(i.Rgb_Duty_Set)
    Rgb_Pwm_Init                             0x08001091   Thumb Code   218  pwm.o(i.Rgb_Pwm_Init)
    SVC_Handler                              0x08001171   Thumb Code     2  stm32f10x_it.o(i.SVC_Handler)
    SysTick_Handler                          0x0800125d   Thumb Code    28  systick.o(i.SysTick_Handler)
    SystemInit                               0x08001281   Thumb Code    78  system_stm32f10x.o(i.SystemInit)
    Systick_Init                             0x080012e1   Thumb Code    92  systick.o(i.Systick_Init)
    TIM2_IRQHandler                          0x08001349   Thumb Code    70  timer_drv.o(i.TIM2_IRQHandler)
    TIM_ARRPreloadConfig                     0x08001399   Thumb Code    24  stm32f10x_tim.o(i.TIM_ARRPreloadConfig)
    TIM_ClearFlag                            0x080013b1   Thumb Code     6  stm32f10x_tim.o(i.TIM_ClearFlag)
    TIM_ClearITPendingBit                    0x080013b7   Thumb Code     6  stm32f10x_tim.o(i.TIM_ClearITPendingBit)
    TIM_Cmd                                  0x080013bd   Thumb Code    24  stm32f10x_tim.o(i.TIM_Cmd)
    TIM_DMACmd                               0x080013d5   Thumb Code    18  stm32f10x_tim.o(i.TIM_DMACmd)
    TIM_DMAConfig                            0x080013e7   Thumb Code    10  stm32f10x_tim.o(i.TIM_DMAConfig)
    TIM_DeInit                               0x080013f1   Thumb Code   424  stm32f10x_tim.o(i.TIM_DeInit)
    TIM_GetITStatus                          0x080015d9   Thumb Code    34  stm32f10x_tim.o(i.TIM_GetITStatus)
    TIM_ITConfig                             0x080015fb   Thumb Code    18  stm32f10x_tim.o(i.TIM_ITConfig)
    TIM_InternalClockConfig                  0x0800160d   Thumb Code    12  stm32f10x_tim.o(i.TIM_InternalClockConfig)
    TIM_OC1Init                              0x08001619   Thumb Code   132  stm32f10x_tim.o(i.TIM_OC1Init)
    TIM_OC1PreloadConfig                     0x080016b1   Thumb Code    18  stm32f10x_tim.o(i.TIM_OC1PreloadConfig)
    TIM_OC2Init                              0x080016c5   Thumb Code   154  stm32f10x_tim.o(i.TIM_OC2Init)
    TIM_OC2PreloadConfig                     0x08001769   Thumb Code    26  stm32f10x_tim.o(i.TIM_OC2PreloadConfig)
    TIM_OC3Init                              0x08001785   Thumb Code   150  stm32f10x_tim.o(i.TIM_OC3Init)
    TIM_OC3PreloadConfig                     0x08001825   Thumb Code    18  stm32f10x_tim.o(i.TIM_OC3PreloadConfig)
    TIM_OC4Init                              0x08001839   Thumb Code   114  stm32f10x_tim.o(i.TIM_OC4Init)
    TIM_OC4PreloadConfig                     0x080018b5   Thumb Code    26  stm32f10x_tim.o(i.TIM_OC4PreloadConfig)
    TIM_OCStructInit                         0x080018cf   Thumb Code    20  stm32f10x_tim.o(i.TIM_OCStructInit)
    TIM_SetCompare1                          0x080018e3   Thumb Code     4  stm32f10x_tim.o(i.TIM_SetCompare1)
    TIM_SetCompare2                          0x080018e7   Thumb Code     4  stm32f10x_tim.o(i.TIM_SetCompare2)
    TIM_SetCompare3                          0x080018eb   Thumb Code     4  stm32f10x_tim.o(i.TIM_SetCompare3)
    TIM_SetCompare4                          0x080018ef   Thumb Code     6  stm32f10x_tim.o(i.TIM_SetCompare4)
    TIM_TimeBaseInit                         0x080018f5   Thumb Code   122  stm32f10x_tim.o(i.TIM_TimeBaseInit)
    TIM_TimeBaseStructInit                   0x08001999   Thumb Code    18  stm32f10x_tim.o(i.TIM_TimeBaseStructInit)
    Task_Schedule_Callback                   0x08001a0d   Thumb Code     6  systick.o(i.Task_Schedule_Callback)
    Timer_Drv_Init                           0x08001ab1   Thumb Code   124  timer_drv.o(i.Timer_Drv_Init)
    USART_Cmd                                0x08001b2d   Thumb Code    24  stm32f10x_usart.o(i.USART_Cmd)
    USART_GetFlagStatus                      0x08001b45   Thumb Code    26  stm32f10x_usart.o(i.USART_GetFlagStatus)
    USART_Init                               0x08001b61   Thumb Code   210  stm32f10x_usart.o(i.USART_Init)
    USART_SendData                           0x08001c39   Thumb Code     8  stm32f10x_usart.o(i.USART_SendData)
    USART_StructInit                         0x08001c41   Thumb Code    24  stm32f10x_usart.o(i.USART_StructInit)
    UsageFault_Handler                       0x08001c59   Thumb Code     4  stm32f10x_it.o(i.UsageFault_Handler)
    Ws2812b_ClearBuf                         0x08001c5d   Thumb Code    22  ws2812b_drv.o(i.Ws2812b_ClearBuf)
    Ws2812b_Init                             0x08001c79   Thumb Code    20  ws2812b_drv.o(i.Ws2812b_Init)
    Ws2812b_Irq_Handler                      0x08001c95   Thumb Code    22  ws2812b_drv.o(i.Ws2812b_Irq_Handler)
    Ws2812b_MeteorTrail                      0x08001cb1   Thumb Code   236  ws2812b_drv.o(i.Ws2812b_MeteorTrail)
    Ws2812b_UpdateBuf                        0x08001dad   Thumb Code   108  ws2812b_drv.o(i.Ws2812b_UpdateBuf)
    __0printf$8                              0x08001e25   Thumb Code    22  printf8.o(i.__0printf$8)
    __1printf$8                              0x08001e25   Thumb Code     0  printf8.o(i.__0printf$8)
    __2printf                                0x08001e25   Thumb Code     0  printf8.o(i.__0printf$8)
    __0snprintf$8                            0x08001e45   Thumb Code    44  printf8.o(i.__0snprintf$8)
    __1snprintf$8                            0x08001e45   Thumb Code     0  printf8.o(i.__0snprintf$8)
    __2snprintf                              0x08001e45   Thumb Code     0  printf8.o(i.__0snprintf$8)
    __scatterload_copy                       0x08001e75   Thumb Code    14  handlers.o(i.__scatterload_copy)
    __scatterload_null                       0x08001e83   Thumb Code     2  handlers.o(i.__scatterload_null)
    __scatterload_zeroinit                   0x08001e85   Thumb Code    14  handlers.o(i.__scatterload_zeroinit)
    fputc                                    0x0800230d   Thumb Code    36  uart_drv.o(i.fputc)
    main                                     0x08002335   Thumb Code    20  main.o(i.main)
    uart_drv_init                            0x08002349   Thumb Code    24  uart_drv.o(i.uart_drv_init)
    Region$$Table$$Base                      0x08002478   Number         0  anon$$obj.o(Region$$Table)
    Region$$Table$$Limit                     0x08002498   Number         0  anon$$obj.o(Region$$Table)
    g_ws2812b_Tc_flag                        0x20000070   Data           1  ws2812b_drv.o(.data)
    color_sequence                           0x200000a4   Data           1  timer_drv.o(.data)
    SystemCoreClock                          0x200000c8   Data           4  system_stm32f10x.o(.data)
    AHBPrescTable                            0x200000cc   Data          16  system_stm32f10x.o(.data)
    __stdout                                 0x200000e0   Data           4  stdout.o(.data)
    g_ws2812b_buf                            0x200000e4   Data         240  ws2812b_drv.o(.bss)
    g_ws2812b_bit                            0x200001d4   Data        2882  ws2812b_drv.o(.bss)
    __initial_sp                             0x20001118   Data           0  startup_stm32f10x_md.o(STACK)



==============================================================================

Memory Map of the image

  Image Entry point : 0x080000ed

  Load Region LR_IROM1 (Base: 0x08000000, Size: 0x0000257c, Max: 0x00010000, ABSOLUTE)

    Execution Region ER_IROM1 (Exec base: 0x08000000, Load base: 0x08000000, Size: 0x00002498, Max: 0x00010000, ABSOLUTE)

    Exec Addr    Load Addr    Size         Type   Attr      Idx    E Section Name        Object

    0x08000000   0x08000000   0x000000ec   Data   RO         1851    RESET               startup_stm32f10x_md.o
    0x080000ec   0x080000ec   0x00000000   Code   RO         1988  * .ARM.Collect$$$$00000000  mc_w.l(entry.o)
    0x080000ec   0x080000ec   0x00000004   Code   RO         2257    .ARM.Collect$$$$00000001  mc_w.l(entry2.o)
    0x080000f0   0x080000f0   0x00000004   Code   RO         2260    .ARM.Collect$$$$00000004  mc_w.l(entry5.o)
    0x080000f4   0x080000f4   0x00000000   Code   RO         2262    .ARM.Collect$$$$00000008  mc_w.l(entry7b.o)
    0x080000f4   0x080000f4   0x00000000   Code   RO         2264    .ARM.Collect$$$$0000000A  mc_w.l(entry8b.o)
    0x080000f4   0x080000f4   0x00000008   Code   RO         2265    .ARM.Collect$$$$0000000B  mc_w.l(entry9a.o)
    0x080000fc   0x080000fc   0x00000000   Code   RO         2267    .ARM.Collect$$$$0000000D  mc_w.l(entry10a.o)
    0x080000fc   0x080000fc   0x00000000   Code   RO         2269    .ARM.Collect$$$$0000000F  mc_w.l(entry11a.o)
    0x080000fc   0x080000fc   0x00000004   Code   RO         2258    .ARM.Collect$$$$00002712  mc_w.l(entry2.o)
    0x08000100   0x08000100   0x00000012   Code   RO         1912    .emb_text           stm32f10x_it.o
    0x08000112   0x08000112   0x00000002   PAD
    0x08000114   0x08000114   0x00000024   Code   RO         1852    .text               startup_stm32f10x_md.o
    0x08000138   0x08000138   0x00000062   Code   RO         1991    .text               mc_w.l(uldiv.o)
    0x0800019a   0x0800019a   0x00000002   PAD
    0x0800019c   0x0800019c   0x00000024   Code   RO         1993    .text               mc_w.l(rand.o)
    0x080001c0   0x080001c0   0x0000001e   Code   RO         2274    .text               mc_w.l(llshl.o)
    0x080001de   0x080001de   0x00000020   Code   RO         2276    .text               mc_w.l(llushr.o)
    0x080001fe   0x080001fe   0x00000002   PAD
    0x08000200   0x08000200   0x00000024   Code   RO         2289    .text               mc_w.l(init.o)
    0x08000224   0x08000224   0x000000a8   Code   RO          157    i.App_Brightness_Timer_handler  app_led.o
    0x080002cc   0x080002cc   0x00000008   Code   RO            1    i.App_Init          main.o
    0x080002d4   0x080002d4   0x0000000c   Code   RO          158    i.App_Ws2812b_Close  app_led.o
    0x080002e0   0x080002e0   0x0000000c   Code   RO          168    i.App_Ws2812b_Pattern7  app_led.o
    0x080002ec   0x080002ec   0x00000014   Code   RO          254    i.Bsp_Led_Off       led_drv.o
    0x08000300   0x08000300   0x00000014   Code   RO          255    i.Bsp_Led_On        led_drv.o
    0x08000314   0x08000314   0x00000028   Code   RO          169    i.Bsp_Led_Timer_Handler  app_led.o
    0x0800033c   0x0800033c   0x00000004   Code   RO         1913    i.BusFault_Handler  stm32f10x_it.o
    0x08000340   0x08000340   0x00000020   Code   RO          541    i.DMA1_Channel6_IRQHandler  dma.o
    0x08000360   0x08000360   0x0000001c   Code   RO          617    i.DMA_ClearITPendingBit  stm32f10x_dma.o
    0x0800037c   0x0800037c   0x00000018   Code   RO          618    i.DMA_Cmd           stm32f10x_dma.o
    0x08000394   0x08000394   0x0000014c   Code   RO          619    i.DMA_DeInit        stm32f10x_dma.o
    0x080004e0   0x080004e0   0x0000002c   Code   RO          622    i.DMA_GetITStatus   stm32f10x_dma.o
    0x0800050c   0x0800050c   0x00000012   Code   RO          623    i.DMA_ITConfig      stm32f10x_dma.o
    0x0800051e   0x0800051e   0x0000003c   Code   RO          624    i.DMA_Init          stm32f10x_dma.o
    0x0800055a   0x0800055a   0x00000004   Code   RO          625    i.DMA_SetCurrDataCounter  stm32f10x_dma.o
    0x0800055e   0x0800055e   0x0000001a   Code   RO          626    i.DMA_StructInit    stm32f10x_dma.o
    0x08000578   0x08000578   0x00000002   Code   RO         1914    i.DebugMon_Handler  stm32f10x_it.o
    0x0800057a   0x0800057a   0x00000002   PAD
    0x0800057c   0x0800057c   0x00000090   Code   RO          542    i.Dma_Configuration  dma.o
    0x0800060c   0x0800060c   0x0000000c   Code   RO          543    i.Dma_IrqCb_set     dma.o
    0x08000618   0x08000618   0x00000024   Code   RO          544    i.Dma_Transfer_Trigger  dma.o
    0x0800063c   0x0800063c   0x00000030   Code   RO            2    i.Driver_Init       main.o
    0x0800066c   0x0800066c   0x00000594   Code   RO          170    i.Duty_Cycle_Set    app_led.o
    0x08000c00   0x08000c00   0x00000116   Code   RO          697    i.GPIO_Init         stm32f10x_gpio.o
    0x08000d16   0x08000d16   0x00000004   Code   RO          704    i.GPIO_ResetBits    stm32f10x_gpio.o
    0x08000d1a   0x08000d1a   0x00000004   Code   RO          705    i.GPIO_SetBits      stm32f10x_gpio.o
    0x08000d1e   0x08000d1e   0x00000002   PAD
    0x08000d20   0x08000d20   0x00000044   Code   RO         1915    i.HardFault_Handler_C  stm32f10x_it.o
    0x08000d64   0x08000d64   0x00000010   Code   RO            3    i.Init_Before_Driver  main.o
    0x08000d74   0x08000d74   0x00000034   Code   RO          256    i.Led_Drv_Init      led_drv.o
    0x08000da8   0x08000da8   0x0000002c   Code   RO          491    i.Led_Gpio_config   pwm.o
    0x08000dd4   0x08000dd4   0x0000005c   Code   RO          492    i.Led_Pwm_Init      pwm.o
    0x08000e30   0x08000e30   0x00000004   Code   RO         1916    i.MemManage_Handler  stm32f10x_it.o
    0x08000e34   0x08000e34   0x00000002   Code   RO         1917    i.NMI_Handler       stm32f10x_it.o
    0x08000e36   0x08000e36   0x00000002   PAD
    0x08000e38   0x08000e38   0x00000070   Code   RO          577    i.NVIC_Init         misc.o
    0x08000ea8   0x08000ea8   0x00000014   Code   RO          578    i.NVIC_PriorityGroupConfig  misc.o
    0x08000ebc   0x08000ebc   0x00000002   Code   RO         1918    i.PendSV_Handler    stm32f10x_it.o
    0x08000ebe   0x08000ebe   0x00000002   PAD
    0x08000ec0   0x08000ec0   0x00000020   Code   RO          493    i.Pwm_Cmd           pwm.o
    0x08000ee0   0x08000ee0   0x00000014   Code   RO          494    i.Pwm_Duty_Set      pwm.o
    0x08000ef4   0x08000ef4   0x00000020   Code   RO          809    i.RCC_AHBPeriphClockCmd  stm32f10x_rcc.o
    0x08000f14   0x08000f14   0x00000020   Code   RO          810    i.RCC_APB1PeriphClockCmd  stm32f10x_rcc.o
    0x08000f34   0x08000f34   0x00000020   Code   RO          811    i.RCC_APB1PeriphResetCmd  stm32f10x_rcc.o
    0x08000f54   0x08000f54   0x00000020   Code   RO          812    i.RCC_APB2PeriphClockCmd  stm32f10x_rcc.o
    0x08000f74   0x08000f74   0x00000020   Code   RO          813    i.RCC_APB2PeriphResetCmd  stm32f10x_rcc.o
    0x08000f94   0x08000f94   0x000000d4   Code   RO          820    i.RCC_GetClocksFreq  stm32f10x_rcc.o
    0x08001068   0x08001068   0x00000028   Code   RO          495    i.Rgb_Duty_Set      pwm.o
    0x08001090   0x08001090   0x000000e0   Code   RO          496    i.Rgb_Pwm_Init      pwm.o
    0x08001170   0x08001170   0x00000002   Code   RO         1919    i.SVC_Handler       stm32f10x_it.o
    0x08001172   0x08001172   0x00000008   Code   RO         1856    i.SetSysClock       system_stm32f10x.o
    0x0800117a   0x0800117a   0x00000002   PAD
    0x0800117c   0x0800117c   0x000000e0   Code   RO         1857    i.SetSysClockTo72   system_stm32f10x.o
    0x0800125c   0x0800125c   0x00000024   Code   RO          384    i.SysTick_Handler   systick.o
    0x08001280   0x08001280   0x00000060   Code   RO         1859    i.SystemInit        system_stm32f10x.o
    0x080012e0   0x080012e0   0x00000068   Code   RO          386    i.Systick_Init      systick.o
    0x08001348   0x08001348   0x00000050   Code   RO          424    i.TIM2_IRQHandler   timer_drv.o
    0x08001398   0x08001398   0x00000018   Code   RO         1108    i.TIM_ARRPreloadConfig  stm32f10x_tim.o
    0x080013b0   0x080013b0   0x00000006   Code   RO         1114    i.TIM_ClearFlag     stm32f10x_tim.o
    0x080013b6   0x080013b6   0x00000006   Code   RO         1115    i.TIM_ClearITPendingBit  stm32f10x_tim.o
    0x080013bc   0x080013bc   0x00000018   Code   RO         1120    i.TIM_Cmd           stm32f10x_tim.o
    0x080013d4   0x080013d4   0x00000012   Code   RO         1123    i.TIM_DMACmd        stm32f10x_tim.o
    0x080013e6   0x080013e6   0x0000000a   Code   RO         1124    i.TIM_DMAConfig     stm32f10x_tim.o
    0x080013f0   0x080013f0   0x000001e8   Code   RO         1125    i.TIM_DeInit        stm32f10x_tim.o
    0x080015d8   0x080015d8   0x00000022   Code   RO         1141    i.TIM_GetITStatus   stm32f10x_tim.o
    0x080015fa   0x080015fa   0x00000012   Code   RO         1145    i.TIM_ITConfig      stm32f10x_tim.o
    0x0800160c   0x0800160c   0x0000000c   Code   RO         1147    i.TIM_InternalClockConfig  stm32f10x_tim.o
    0x08001618   0x08001618   0x00000098   Code   RO         1149    i.TIM_OC1Init       stm32f10x_tim.o
    0x080016b0   0x080016b0   0x00000012   Code   RO         1152    i.TIM_OC1PreloadConfig  stm32f10x_tim.o
    0x080016c2   0x080016c2   0x00000002   PAD
    0x080016c4   0x080016c4   0x000000a4   Code   RO         1154    i.TIM_OC2Init       stm32f10x_tim.o
    0x08001768   0x08001768   0x0000001a   Code   RO         1157    i.TIM_OC2PreloadConfig  stm32f10x_tim.o
    0x08001782   0x08001782   0x00000002   PAD
    0x08001784   0x08001784   0x000000a0   Code   RO         1159    i.TIM_OC3Init       stm32f10x_tim.o
    0x08001824   0x08001824   0x00000012   Code   RO         1162    i.TIM_OC3PreloadConfig  stm32f10x_tim.o
    0x08001836   0x08001836   0x00000002   PAD
    0x08001838   0x08001838   0x0000007c   Code   RO         1164    i.TIM_OC4Init       stm32f10x_tim.o
    0x080018b4   0x080018b4   0x0000001a   Code   RO         1166    i.TIM_OC4PreloadConfig  stm32f10x_tim.o
    0x080018ce   0x080018ce   0x00000014   Code   RO         1167    i.TIM_OCStructInit  stm32f10x_tim.o
    0x080018e2   0x080018e2   0x00000004   Code   RO         1181    i.TIM_SetCompare1   stm32f10x_tim.o
    0x080018e6   0x080018e6   0x00000004   Code   RO         1182    i.TIM_SetCompare2   stm32f10x_tim.o
    0x080018ea   0x080018ea   0x00000004   Code   RO         1183    i.TIM_SetCompare3   stm32f10x_tim.o
    0x080018ee   0x080018ee   0x00000006   Code   RO         1184    i.TIM_SetCompare4   stm32f10x_tim.o
    0x080018f4   0x080018f4   0x000000a4   Code   RO         1191    i.TIM_TimeBaseInit  stm32f10x_tim.o
    0x08001998   0x08001998   0x00000012   Code   RO         1192    i.TIM_TimeBaseStructInit  stm32f10x_tim.o
    0x080019aa   0x080019aa   0x00000002   PAD
    0x080019ac   0x080019ac   0x00000060   Code   RO            4    i.Task_Flag_Update  main.o
    0x08001a0c   0x08001a0c   0x0000000c   Code   RO          387    i.Task_Schedule_Callback  systick.o
    0x08001a18   0x08001a18   0x0000005c   Code   RO            5    i.Task_Schedule_Handler  main.o
    0x08001a74   0x08001a74   0x0000003c   Code   RO          497    i.Tim3_Config       pwm.o
    0x08001ab0   0x08001ab0   0x0000007c   Code   RO          425    i.Timer_Drv_Init    timer_drv.o
    0x08001b2c   0x08001b2c   0x00000018   Code   RO         1659    i.USART_Cmd         stm32f10x_usart.o
    0x08001b44   0x08001b44   0x0000001a   Code   RO         1662    i.USART_GetFlagStatus  stm32f10x_usart.o
    0x08001b5e   0x08001b5e   0x00000002   PAD
    0x08001b60   0x08001b60   0x000000d8   Code   RO         1666    i.USART_Init        stm32f10x_usart.o
    0x08001c38   0x08001c38   0x00000008   Code   RO         1676    i.USART_SendData    stm32f10x_usart.o
    0x08001c40   0x08001c40   0x00000018   Code   RO         1682    i.USART_StructInit  stm32f10x_usart.o
    0x08001c58   0x08001c58   0x00000004   Code   RO         1921    i.UsageFault_Handler  stm32f10x_it.o
    0x08001c5c   0x08001c5c   0x0000001c   Code   RO          302    i.Ws2812b_ClearBuf  ws2812b_drv.o
    0x08001c78   0x08001c78   0x0000001c   Code   RO          304    i.Ws2812b_Init      ws2812b_drv.o
    0x08001c94   0x08001c94   0x0000001c   Code   RO          305    i.Ws2812b_Irq_Handler  ws2812b_drv.o
    0x08001cb0   0x08001cb0   0x000000fc   Code   RO          306    i.Ws2812b_MeteorTrail  ws2812b_drv.o
    0x08001dac   0x08001dac   0x00000078   Code   RO          311    i.Ws2812b_UpdateBuf  ws2812b_drv.o
    0x08001e24   0x08001e24   0x00000020   Code   RO         2203    i.__0printf$8       mc_w.l(printf8.o)
    0x08001e44   0x08001e44   0x00000030   Code   RO         2204    i.__0snprintf$8     mc_w.l(printf8.o)
    0x08001e74   0x08001e74   0x0000000e   Code   RO         2297    i.__scatterload_copy  mc_w.l(handlers.o)
    0x08001e82   0x08001e82   0x00000002   Code   RO         2298    i.__scatterload_null  mc_w.l(handlers.o)
    0x08001e84   0x08001e84   0x0000000e   Code   RO         2299    i.__scatterload_zeroinit  mc_w.l(handlers.o)
    0x08001e92   0x08001e92   0x00000002   PAD
    0x08001e94   0x08001e94   0x00000410   Code   RO         2210    i._printf_core      mc_w.l(printf8.o)
    0x080022a4   0x080022a4   0x00000024   Code   RO         2211    i._printf_post_padding  mc_w.l(printf8.o)
    0x080022c8   0x080022c8   0x0000002e   Code   RO         2212    i._printf_pre_padding  mc_w.l(printf8.o)
    0x080022f6   0x080022f6   0x00000016   Code   RO         2213    i._snputc           mc_w.l(printf8.o)
    0x0800230c   0x0800230c   0x00000028   Code   RO          451    i.fputc             uart_drv.o
    0x08002334   0x08002334   0x00000014   Code   RO            6    i.main              main.o
    0x08002348   0x08002348   0x00000030   Code   RO          452    i.uart_drv_init     uart_drv.o
    0x08002378   0x08002378   0x0000004c   Code   RO          453    i.uart_gpio_init    uart_drv.o
    0x080023c4   0x080023c4   0x00000030   Code   RO          454    i.uart_init         uart_drv.o
    0x080023f4   0x080023f4   0x0000000c   Data   RO            7    .constdata          main.o
    0x08002400   0x08002400   0x00000078   Data   RO         1922    .conststring        stm32f10x_it.o
    0x08002478   0x08002478   0x00000020   Data   RO         2295    Region$$Table       anon$$obj.o


    Execution Region RW_IRAM1 (Exec base: 0x20000000, Load base: 0x08002498, Size: 0x00001118, Max: 0x00005000, ABSOLUTE)

    Exec Addr    Load Addr    Size         Type   Attr      Idx    E Section Name        Object

    0x20000000   0x08002498   0x00000030   Data   RW            8    .data               main.o
    0x20000030   0x080024c8   0x00000040   Data   RW          172    .data               app_led.o
    0x20000070   0x08002508   0x00000027   Data   RW          313    .data               ws2812b_drv.o
    0x20000097   0x0800252f   0x00000001   PAD
    0x20000098   0x08002530   0x0000000c   Data   RW          388    .data               systick.o
    0x200000a4   0x0800253c   0x00000004   Data   RW          427    .data               timer_drv.o
    0x200000a8   0x08002540   0x00000008   Data   RW          455    .data               uart_drv.o
    0x200000b0   0x08002548   0x00000004   Data   RW          545    .data               dma.o
    0x200000b4   0x0800254c   0x00000014   Data   RW          840    .data               stm32f10x_rcc.o
    0x200000c8   0x08002560   0x00000014   Data   RW         1860    .data               system_stm32f10x.o
    0x200000dc   0x08002574   0x00000004   Data   RW         1994    .data               mc_w.l(rand.o)
    0x200000e0   0x08002578   0x00000004   Data   RW         2271    .data               mc_w.l(stdout.o)
    0x200000e4        -       0x00000c32   Zero   RW          312    .bss                ws2812b_drv.o
    0x20000d16   0x0800257c   0x00000002   PAD
    0x20000d18        -       0x00000400   Zero   RW         1849    STACK               startup_stm32f10x_md.o


==============================================================================

Image component sizes


      Code (inc. data)   RO Data    RW Data    ZI Data      Debug   Object Name

      1660         48          0         64          0       5717   app_led.o
         0          0          0          0          0         32   core_cm3.o
       224         36          0          4          0       2658   dma.o
        92         16          0          0          0       1294   led_drv.o
       280         24         12         48          0     265235   main.o
       132         22          0          0          0       3167   misc.o
       512         32          0          0          0       3490   pwm.o
        36          8        236          0       1024        764   startup_stm32f10x_md.o
       536         26          0          0          0      15765   stm32f10x_dma.o
       286          0          0          0          0      11312   stm32f10x_gpio.o
       106         10        120          0          0       4426   stm32f10x_it.o
       372         50          0         20          0      14648   stm32f10x_rcc.o
      1548        156          0          0          0      34949   stm32f10x_tim.o
       298          6          0          0          0      10435   stm32f10x_usart.o
       328         28          0         20          0       2121   system_stm32f10x.o
       152         26          0         12          0      17221   systick.o
       204         10          0          4          0       1272   timer_drv.o
       212         42          0          8          0       3988   uart_drv.o
       456         48          0         39       3122       5031   ws2812b_drv.o

    ----------------------------------------------------------------------
      7456        588        400        220       4148     403525   Object Totals
         0          0         32          0          0          0   (incl. Generated)
        22          0          0          1          2          0   (incl. Padding)

    ----------------------------------------------------------------------

      Code (inc. data)   RO Data    RW Data    ZI Data      Debug   Library Member Name

         0          0          0          0          0          0   entry.o
         0          0          0          0          0          0   entry10a.o
         0          0          0          0          0          0   entry11a.o
         8          4          0          0          0          0   entry2.o
         4          0          0          0          0          0   entry5.o
         0          0          0          0          0          0   entry7b.o
         0          0          0          0          0          0   entry8b.o
         8          4          0          0          0          0   entry9a.o
        30          0          0          0          0          0   handlers.o
        36          8          0          0          0         68   init.o
        30          0          0          0          0         68   llshl.o
        32          0          0          0          0         68   llushr.o
      1224         58          0          0          0        504   printf8.o
        36         10          0          4          0        136   rand.o
         0          0          0          4          0          0   stdout.o
        98          0          0          0          0         92   uldiv.o

    ----------------------------------------------------------------------
      1512         84          0          8          0        936   Library Totals
         6          0          0          0          0          0   (incl. Padding)

    ----------------------------------------------------------------------

      Code (inc. data)   RO Data    RW Data    ZI Data      Debug   Library Name

      1506         84          0          8          0        936   mc_w.l

    ----------------------------------------------------------------------
      1512         84          0          8          0        936   Library Totals

    ----------------------------------------------------------------------

==============================================================================


      Code (inc. data)   RO Data    RW Data    ZI Data      Debug   

      8968        672        400        228       4148     399205   Grand Totals
      8968        672        400        228       4148     399205   ELF Image Totals
      8968        672        400        228          0          0   ROM Totals

==============================================================================

    Total RO  Size (Code + RO Data)                 9368 (   9.15kB)
    Total RW  Size (RW Data + ZI Data)              4376 (   4.27kB)
    Total ROM Size (Code + RO Data + RW Data)       9596 (   9.37kB)

==============================================================================

